// Bun Snapshot v1, https://bun.sh/docs/test/snapshots

exports[`rolldown-plugin-solid src should transform hydratable html/head/body elements 1`] = `
"import { getNextElement } from "@solidjs/web";
function TestHydratableHtml() {
	return getNextElement();
}
function TestHydratableHead() {
	return getNextElement();
}
function TestHydratableBody() {
	return getNextElement();
}
export { TestHydratableBody, TestHydratableHead, TestHydratableHtml };
"
`;

exports[`rolldown-plugin-solid dist should transform hydratable html/head/body elements 1`] = `
"import { getNextElement } from "@solidjs/web";
function TestHydratableHtml() {
	return getNextElement();
}
function TestHydratableHead() {
	return getNextElement();
}
function TestHydratableBody() {
	return getNextElement();
}
export { TestHydratableBody, TestHydratableHead, TestHydratableHtml };
"
`;
