// Bun Snapshot v1, https://bun.sh/docs/test/snapshots

exports[`rolldown-plugin-solid src should transform typescript class features 1`] = `
"import { delegateEvents, insert, template } from "@solidjs/web";
var _tmpl$ = /* @__PURE__ */ template(\`<div><h2></h2><p>Count: </p><button>Increment\`);
var _tmpl$2 = /* @__PURE__ */ template(\`<div>\`);
var _tmpl$3 = /* @__PURE__ */ template(\`<ul>\`);
var _tmpl$4 = /* @__PURE__ */ template(\`<li>\`);
var _tmpl$5 = /* @__PURE__ */ template(\`<div><!><!>\`);
var BaseComponent = class {
	name;
	constructor(name) {
		this.name = name;
	}
};
var DecoratedComponent = class extends BaseComponent {
	count = 0;
	constructor(name) {
		super(name);
	}
	increment() {
		this.count++;
	}
	render() {
		const _self$ = this;
		var _el$ = _tmpl$();
		var _el$2 = _el$.firstChild;
		var _el$3 = _el$2.nextSibling;
		_el$3.firstChild;
		var _el$5 = _el$3.nextSibling;
		insert(_el$2, () => {
			return _self$.name;
		});
		insert(_el$3, () => {
			return _self$.count;
		}, null);
		_el$5.$$click = () => _self$.increment();
		return _el$;
	}
};
var GenericComponent = class {
	data;
	constructor(data) {
		this.data = data;
	}
	renderItem(item) {
		var _el$6 = _tmpl$2();
		insert(_el$6, () => {
			return String(item);
		});
		return _el$6;
	}
	render() {
		const _self$2 = this;
		var _el$7 = _tmpl$3();
		insert(_el$7, () => {
			return _self$2.data.map((item) => (() => {
				var _el$8 = _tmpl$4();
				insert(_el$8, () => {
					return _self$2.renderItem(item);
				});
				return _el$8;
			})());
		});
		return _el$7;
	}
};
function TestClassFeatures() {
	const component = new DecoratedComponent("Test Component");
	const genericComponent = new GenericComponent([
		1,
		2,
		3
	]);
	var _el$9 = _tmpl$5();
	var _el$10 = _el$9.firstChild;
	var _el$11 = _el$10.nextSibling;
	insert(_el$9, () => {
		return component.render();
	}, _el$10);
	insert(_el$9, () => {
		return genericComponent.render();
	}, _el$11);
	return _el$9;
}
var ParameterProps = class {
	name;
	age;
	id;
	constructor(name, age, id) {
		this.name = name;
		this.age = age;
		this.id = id;
	}
};
var ParameterPropsWithConstructor = class {
	name;
	count;
	value;
	constructor(name, count) {
		this.name = name;
		this.count = count;
		this.value = name + count;
	}
};
var DerivedParameterProps = class extends ParameterProps {
	extra;
	constructor(name, age, id, extra) {
		super(name, age, id);
		this.extra = extra;
	}
};
var DefaultParameterProps = class {
	name;
	value;
	constructor(name = "default", value = 42) {
		this.name = name;
		this.value = value;
	}
};
var ComplexDerived = class extends ParameterPropsWithConstructor {
	items;
	data;
	constructor(name, count, items) {
		super(name, count);
		this.items = items;
		this.data = items;
	}
};
var ComplexParameterProps = class {
	input;
	config;
	processed;
	constructor(input, config) {
		this.input = input;
		this.config = config;
		this.processed = config.enabled;
	}
};
delegateEvents(["click"]);
export { BaseComponent, ComplexDerived, ComplexParameterProps, DecoratedComponent, DefaultParameterProps, DerivedParameterProps, GenericComponent, ParameterProps, ParameterPropsWithConstructor, TestClassFeatures };
"
`;

exports[`rolldown-plugin-solid dist should transform typescript class features 1`] = `
"import { delegateEvents, insert, template } from "@solidjs/web";
var _tmpl$ = /* @__PURE__ */ template(\`<div><h2></h2><p>Count: </p><button>Increment\`);
var _tmpl$2 = /* @__PURE__ */ template(\`<div>\`);
var _tmpl$3 = /* @__PURE__ */ template(\`<ul>\`);
var _tmpl$4 = /* @__PURE__ */ template(\`<li>\`);
var _tmpl$5 = /* @__PURE__ */ template(\`<div><!><!>\`);
var BaseComponent = class {
	name;
	constructor(name) {
		this.name = name;
	}
};
var DecoratedComponent = class extends BaseComponent {
	count = 0;
	constructor(name) {
		super(name);
	}
	increment() {
		this.count++;
	}
	render() {
		const _self$ = this;
		var _el$ = _tmpl$();
		var _el$2 = _el$.firstChild;
		var _el$3 = _el$2.nextSibling;
		_el$3.firstChild;
		var _el$5 = _el$3.nextSibling;
		insert(_el$2, () => {
			return _self$.name;
		});
		insert(_el$3, () => {
			return _self$.count;
		}, null);
		_el$5.$$click = () => _self$.increment();
		return _el$;
	}
};
var GenericComponent = class {
	data;
	constructor(data) {
		this.data = data;
	}
	renderItem(item) {
		var _el$6 = _tmpl$2();
		insert(_el$6, () => {
			return String(item);
		});
		return _el$6;
	}
	render() {
		const _self$2 = this;
		var _el$7 = _tmpl$3();
		insert(_el$7, () => {
			return _self$2.data.map((item) => (() => {
				var _el$8 = _tmpl$4();
				insert(_el$8, () => {
					return _self$2.renderItem(item);
				});
				return _el$8;
			})());
		});
		return _el$7;
	}
};
function TestClassFeatures() {
	const component = new DecoratedComponent("Test Component");
	const genericComponent = new GenericComponent([
		1,
		2,
		3
	]);
	var _el$9 = _tmpl$5();
	var _el$10 = _el$9.firstChild;
	var _el$11 = _el$10.nextSibling;
	insert(_el$9, () => {
		return component.render();
	}, _el$10);
	insert(_el$9, () => {
		return genericComponent.render();
	}, _el$11);
	return _el$9;
}
var ParameterProps = class {
	name;
	age;
	id;
	constructor(name, age, id) {
		this.name = name;
		this.age = age;
		this.id = id;
	}
};
var ParameterPropsWithConstructor = class {
	name;
	count;
	value;
	constructor(name, count) {
		this.name = name;
		this.count = count;
		this.value = name + count;
	}
};
var DerivedParameterProps = class extends ParameterProps {
	extra;
	constructor(name, age, id, extra) {
		super(name, age, id);
		this.extra = extra;
	}
};
var DefaultParameterProps = class {
	name;
	value;
	constructor(name = "default", value = 42) {
		this.name = name;
		this.value = value;
	}
};
var ComplexDerived = class extends ParameterPropsWithConstructor {
	items;
	data;
	constructor(name, count, items) {
		super(name, count);
		this.items = items;
		this.data = items;
	}
};
var ComplexParameterProps = class {
	input;
	config;
	processed;
	constructor(input, config) {
		this.input = input;
		this.config = config;
		this.processed = config.enabled;
	}
};
delegateEvents(["click"]);
export { BaseComponent, ComplexDerived, ComplexParameterProps, DecoratedComponent, DefaultParameterProps, DerivedParameterProps, GenericComponent, ParameterProps, ParameterPropsWithConstructor, TestClassFeatures };
"
`;
