// Bun Snapshot v1, https://bun.sh/docs/test/snapshots

exports[`rolldown-plugin-solid src should transform typescript code with default options 1`] = `
"import { insert, template } from "@solidjs/web";
var _tmpl$ = /* @__PURE__ */ template(\`<div><h2>Namespace Test</h2><p>Circle area: </p><p>API URL: </p><p>Version: </p><p>Feature A: \`);
var Enum4 = /* @__PURE__ */ function(Enum4) {
	Enum4[Enum4["Foo"] = 0] = "Foo";
	Enum4[Enum4["Bar"] = 1] = "Bar";
	Enum4[Enum4["Baz"] = 2] = "Baz";
	return Enum4;
}(Enum4 || {});
const text = "text";
var Enum1 = /* @__PURE__ */ function(Enum1) {
	Enum1[Enum1["Foo"] = 0] = "Foo";
	Enum1[Enum1["Bar"] = 1] = "Bar";
	Enum1[Enum1["Baz"] = 2] = "Baz";
	return Enum1;
}(Enum1 || {});
var Enum2 = /* @__PURE__ */ function(Enum2) {
	Enum2["Foo"] = "FOO";
	Enum2["Bar"] = "BAR";
	Enum2["Baz"] = "BAZ";
	return Enum2;
}(Enum2 || {});
var Class1 = class {
	prop1;
	constructor(prop1) {
		this.prop1 = prop1;
	}
	method1() {
		console.log(this.prop1);
	}
};
var Class2 = class extends Class1 {
	prop2;
	constructor(prop1, prop2) {
		super(prop1);
		this.prop2 = prop2;
	}
	method2() {
		return this.prop2;
	}
};
let Namespace1;
(function(_Namespace) {
	_Namespace.Enum3 = /* @__PURE__ */ function(Enum3) {
		Enum3[Enum3["Foo"] = 0] = "Foo";
		Enum3[Enum3["Bar"] = 1] = "Bar";
		Enum3[Enum3["Baz"] = 2] = "Baz";
		return Enum3;
	}({});
})(Namespace1 || (Namespace1 = {}));
let Utils;
(function(_Utils) {
	const PI = _Utils.PI = 3.14159;
	function calculateArea(radius) {
		return PI * radius * radius;
	}
	_Utils.calculateArea = calculateArea;
	let Shapes;
	(function(_Shapes) {
		class Circle {
			radius;
			constructor(radius) {
				this.radius = radius;
			}
			area() {
				return Utils.calculateArea(this.radius);
			}
		}
		_Shapes.Circle = Circle;
	})(Shapes || (Shapes = _Utils.Shapes || (_Utils.Shapes = {})));
})(Utils || (Utils = {}));
let Config;
(function(_Config) {
	_Config.API_URL = "https://api.example.com";
	_Config.VERSION = "1.0.0";
	let Features;
	(function(_Features) {
		_Features.FEATURE_A = true;
		_Features.FEATURE_B = false;
	})(Features || (Features = _Config.Features || (_Config.Features = {})));
})(Config || (Config = {}));
function TestNamespace() {
	const area = new Utils.Shapes.Circle(5).area();
	var _el$ = _tmpl$();
	var _el$3 = _el$.firstChild.nextSibling;
	_el$3.firstChild;
	var _el$5 = _el$3.nextSibling;
	_el$5.firstChild;
	var _el$7 = _el$5.nextSibling;
	_el$7.firstChild;
	var _el$9 = _el$7.nextSibling;
	_el$9.firstChild;
	insert(_el$3, area, null);
	insert(_el$5, () => {
		return Config.API_URL;
	}, null);
	insert(_el$7, () => {
		return Config.VERSION;
	}, null);
	insert(_el$9, () => {
		return Config.Features.FEATURE_A ? "Enabled" : "Disabled";
	}, null);
	return _el$;
}
export { Class1, Class2, Enum1, Enum2, Enum4, Namespace1, TestNamespace, text };
"
`;

exports[`rolldown-plugin-solid dist should transform typescript code with default options 1`] = `
"import { insert, template } from "@solidjs/web";
var _tmpl$ = /* @__PURE__ */ template(\`<div><h2>Namespace Test</h2><p>Circle area: </p><p>API URL: </p><p>Version: </p><p>Feature A: \`);
var Enum4 = /* @__PURE__ */ function(Enum4) {
	Enum4[Enum4["Foo"] = 0] = "Foo";
	Enum4[Enum4["Bar"] = 1] = "Bar";
	Enum4[Enum4["Baz"] = 2] = "Baz";
	return Enum4;
}(Enum4 || {});
const text = "text";
var Enum1 = /* @__PURE__ */ function(Enum1) {
	Enum1[Enum1["Foo"] = 0] = "Foo";
	Enum1[Enum1["Bar"] = 1] = "Bar";
	Enum1[Enum1["Baz"] = 2] = "Baz";
	return Enum1;
}(Enum1 || {});
var Enum2 = /* @__PURE__ */ function(Enum2) {
	Enum2["Foo"] = "FOO";
	Enum2["Bar"] = "BAR";
	Enum2["Baz"] = "BAZ";
	return Enum2;
}(Enum2 || {});
var Class1 = class {
	prop1;
	constructor(prop1) {
		this.prop1 = prop1;
	}
	method1() {
		console.log(this.prop1);
	}
};
var Class2 = class extends Class1 {
	prop2;
	constructor(prop1, prop2) {
		super(prop1);
		this.prop2 = prop2;
	}
	method2() {
		return this.prop2;
	}
};
let Namespace1;
(function(_Namespace) {
	_Namespace.Enum3 = /* @__PURE__ */ function(Enum3) {
		Enum3[Enum3["Foo"] = 0] = "Foo";
		Enum3[Enum3["Bar"] = 1] = "Bar";
		Enum3[Enum3["Baz"] = 2] = "Baz";
		return Enum3;
	}({});
})(Namespace1 || (Namespace1 = {}));
let Utils;
(function(_Utils) {
	const PI = _Utils.PI = 3.14159;
	function calculateArea(radius) {
		return PI * radius * radius;
	}
	_Utils.calculateArea = calculateArea;
	let Shapes;
	(function(_Shapes) {
		class Circle {
			radius;
			constructor(radius) {
				this.radius = radius;
			}
			area() {
				return Utils.calculateArea(this.radius);
			}
		}
		_Shapes.Circle = Circle;
	})(Shapes || (Shapes = _Utils.Shapes || (_Utils.Shapes = {})));
})(Utils || (Utils = {}));
let Config;
(function(_Config) {
	_Config.API_URL = "https://api.example.com";
	_Config.VERSION = "1.0.0";
	let Features;
	(function(_Features) {
		_Features.FEATURE_A = true;
		_Features.FEATURE_B = false;
	})(Features || (Features = _Config.Features || (_Config.Features = {})));
})(Config || (Config = {}));
function TestNamespace() {
	const area = new Utils.Shapes.Circle(5).area();
	var _el$ = _tmpl$();
	var _el$3 = _el$.firstChild.nextSibling;
	_el$3.firstChild;
	var _el$5 = _el$3.nextSibling;
	_el$5.firstChild;
	var _el$7 = _el$5.nextSibling;
	_el$7.firstChild;
	var _el$9 = _el$7.nextSibling;
	_el$9.firstChild;
	insert(_el$3, area, null);
	insert(_el$5, () => {
		return Config.API_URL;
	}, null);
	insert(_el$7, () => {
		return Config.VERSION;
	}, null);
	insert(_el$9, () => {
		return Config.Features.FEATURE_A ? "Enabled" : "Disabled";
	}, null);
	return _el$;
}
export { Class1, Class2, Enum1, Enum2, Enum4, Namespace1, TestNamespace, text };
"
`;

exports[`rolldown-plugin-solid src should transform typescript code with {onlyRemoveTypeImports: true} 1`] = `
"import { insert, template } from "@solidjs/web";
var _tmpl$ = /* @__PURE__ */ template(\`<div><h2>Namespace Test</h2><p>Circle area: </p><p>API URL: </p><p>Version: </p><p>Feature A: \`);
var Enum4 = /* @__PURE__ */ function(Enum4) {
	Enum4[Enum4["Foo"] = 0] = "Foo";
	Enum4[Enum4["Bar"] = 1] = "Bar";
	Enum4[Enum4["Baz"] = 2] = "Baz";
	return Enum4;
}(Enum4 || {});
const text = "text";
var Enum1 = /* @__PURE__ */ function(Enum1) {
	Enum1[Enum1["Foo"] = 0] = "Foo";
	Enum1[Enum1["Bar"] = 1] = "Bar";
	Enum1[Enum1["Baz"] = 2] = "Baz";
	return Enum1;
}(Enum1 || {});
var Enum2 = /* @__PURE__ */ function(Enum2) {
	Enum2["Foo"] = "FOO";
	Enum2["Bar"] = "BAR";
	Enum2["Baz"] = "BAZ";
	return Enum2;
}(Enum2 || {});
var Class1 = class {
	prop1;
	constructor(prop1) {
		this.prop1 = prop1;
	}
	method1() {
		console.log(this.prop1);
	}
};
var Class2 = class extends Class1 {
	prop2;
	constructor(prop1, prop2) {
		super(prop1);
		this.prop2 = prop2;
	}
	method2() {
		return this.prop2;
	}
};
let Namespace1;
(function(_Namespace) {
	_Namespace.Enum3 = /* @__PURE__ */ function(Enum3) {
		Enum3[Enum3["Foo"] = 0] = "Foo";
		Enum3[Enum3["Bar"] = 1] = "Bar";
		Enum3[Enum3["Baz"] = 2] = "Baz";
		return Enum3;
	}({});
})(Namespace1 || (Namespace1 = {}));
let Utils;
(function(_Utils) {
	const PI = _Utils.PI = 3.14159;
	function calculateArea(radius) {
		return PI * radius * radius;
	}
	_Utils.calculateArea = calculateArea;
	let Shapes;
	(function(_Shapes) {
		class Circle {
			radius;
			constructor(radius) {
				this.radius = radius;
			}
			area() {
				return Utils.calculateArea(this.radius);
			}
		}
		_Shapes.Circle = Circle;
	})(Shapes || (Shapes = _Utils.Shapes || (_Utils.Shapes = {})));
})(Utils || (Utils = {}));
let Config;
(function(_Config) {
	_Config.API_URL = "https://api.example.com";
	_Config.VERSION = "1.0.0";
	let Features;
	(function(_Features) {
		_Features.FEATURE_A = true;
		_Features.FEATURE_B = false;
	})(Features || (Features = _Config.Features || (_Config.Features = {})));
})(Config || (Config = {}));
function TestNamespace() {
	const area = new Utils.Shapes.Circle(5).area();
	var _el$ = _tmpl$();
	var _el$3 = _el$.firstChild.nextSibling;
	_el$3.firstChild;
	var _el$5 = _el$3.nextSibling;
	_el$5.firstChild;
	var _el$7 = _el$5.nextSibling;
	_el$7.firstChild;
	var _el$9 = _el$7.nextSibling;
	_el$9.firstChild;
	insert(_el$3, area, null);
	insert(_el$5, () => {
		return Config.API_URL;
	}, null);
	insert(_el$7, () => {
		return Config.VERSION;
	}, null);
	insert(_el$9, () => {
		return Config.Features.FEATURE_A ? "Enabled" : "Disabled";
	}, null);
	return _el$;
}
export { Class1, Class2, Enum1, Enum2, Enum4, Namespace1, TestNamespace, text };
"
`;

exports[`rolldown-plugin-solid dist should transform typescript code with {onlyRemoveTypeImports: true} 1`] = `
"import { insert, template } from "@solidjs/web";
var _tmpl$ = /* @__PURE__ */ template(\`<div><h2>Namespace Test</h2><p>Circle area: </p><p>API URL: </p><p>Version: </p><p>Feature A: \`);
var Enum4 = /* @__PURE__ */ function(Enum4) {
	Enum4[Enum4["Foo"] = 0] = "Foo";
	Enum4[Enum4["Bar"] = 1] = "Bar";
	Enum4[Enum4["Baz"] = 2] = "Baz";
	return Enum4;
}(Enum4 || {});
const text = "text";
var Enum1 = /* @__PURE__ */ function(Enum1) {
	Enum1[Enum1["Foo"] = 0] = "Foo";
	Enum1[Enum1["Bar"] = 1] = "Bar";
	Enum1[Enum1["Baz"] = 2] = "Baz";
	return Enum1;
}(Enum1 || {});
var Enum2 = /* @__PURE__ */ function(Enum2) {
	Enum2["Foo"] = "FOO";
	Enum2["Bar"] = "BAR";
	Enum2["Baz"] = "BAZ";
	return Enum2;
}(Enum2 || {});
var Class1 = class {
	prop1;
	constructor(prop1) {
		this.prop1 = prop1;
	}
	method1() {
		console.log(this.prop1);
	}
};
var Class2 = class extends Class1 {
	prop2;
	constructor(prop1, prop2) {
		super(prop1);
		this.prop2 = prop2;
	}
	method2() {
		return this.prop2;
	}
};
let Namespace1;
(function(_Namespace) {
	_Namespace.Enum3 = /* @__PURE__ */ function(Enum3) {
		Enum3[Enum3["Foo"] = 0] = "Foo";
		Enum3[Enum3["Bar"] = 1] = "Bar";
		Enum3[Enum3["Baz"] = 2] = "Baz";
		return Enum3;
	}({});
})(Namespace1 || (Namespace1 = {}));
let Utils;
(function(_Utils) {
	const PI = _Utils.PI = 3.14159;
	function calculateArea(radius) {
		return PI * radius * radius;
	}
	_Utils.calculateArea = calculateArea;
	let Shapes;
	(function(_Shapes) {
		class Circle {
			radius;
			constructor(radius) {
				this.radius = radius;
			}
			area() {
				return Utils.calculateArea(this.radius);
			}
		}
		_Shapes.Circle = Circle;
	})(Shapes || (Shapes = _Utils.Shapes || (_Utils.Shapes = {})));
})(Utils || (Utils = {}));
let Config;
(function(_Config) {
	_Config.API_URL = "https://api.example.com";
	_Config.VERSION = "1.0.0";
	let Features;
	(function(_Features) {
		_Features.FEATURE_A = true;
		_Features.FEATURE_B = false;
	})(Features || (Features = _Config.Features || (_Config.Features = {})));
})(Config || (Config = {}));
function TestNamespace() {
	const area = new Utils.Shapes.Circle(5).area();
	var _el$ = _tmpl$();
	var _el$3 = _el$.firstChild.nextSibling;
	_el$3.firstChild;
	var _el$5 = _el$3.nextSibling;
	_el$5.firstChild;
	var _el$7 = _el$5.nextSibling;
	_el$7.firstChild;
	var _el$9 = _el$7.nextSibling;
	_el$9.firstChild;
	insert(_el$3, area, null);
	insert(_el$5, () => {
		return Config.API_URL;
	}, null);
	insert(_el$7, () => {
		return Config.VERSION;
	}, null);
	insert(_el$9, () => {
		return Config.Features.FEATURE_A ? "Enabled" : "Disabled";
	}, null);
	return _el$;
}
export { Class1, Class2, Enum1, Enum2, Enum4, Namespace1, TestNamespace, text };
"
`;

exports[`rolldown-plugin-solid src should transform typescript code with {optimizeConstEnums: true} 1`] = `
"import { insert, template } from "@solidjs/web";
var _tmpl$ = /* @__PURE__ */ template(\`<div><h2>Namespace Test</h2><p>Circle area: </p><p>API URL: </p><p>Version: </p><p>Feature A: \`);
var Enum4 = /* @__PURE__ */ function(Enum4) {
	Enum4[Enum4["Foo"] = 0] = "Foo";
	Enum4[Enum4["Bar"] = 1] = "Bar";
	Enum4[Enum4["Baz"] = 2] = "Baz";
	return Enum4;
}(Enum4 || {});
const text = "text";
var Enum1 = /* @__PURE__ */ function(Enum1) {
	Enum1[Enum1["Foo"] = 0] = "Foo";
	Enum1[Enum1["Bar"] = 1] = "Bar";
	Enum1[Enum1["Baz"] = 2] = "Baz";
	return Enum1;
}(Enum1 || {});
var Enum2 = /* @__PURE__ */ function(Enum2) {
	Enum2["Foo"] = "FOO";
	Enum2["Bar"] = "BAR";
	Enum2["Baz"] = "BAZ";
	return Enum2;
}(Enum2 || {});
var Class1 = class {
	prop1;
	constructor(prop1) {
		this.prop1 = prop1;
	}
	method1() {
		console.log(this.prop1);
	}
};
var Class2 = class extends Class1 {
	prop2;
	constructor(prop1, prop2) {
		super(prop1);
		this.prop2 = prop2;
	}
	method2() {
		return this.prop2;
	}
};
let Namespace1;
(function(_Namespace) {
	_Namespace.Enum3 = /* @__PURE__ */ function(Enum3) {
		Enum3[Enum3["Foo"] = 0] = "Foo";
		Enum3[Enum3["Bar"] = 1] = "Bar";
		Enum3[Enum3["Baz"] = 2] = "Baz";
		return Enum3;
	}({});
})(Namespace1 || (Namespace1 = {}));
let Utils;
(function(_Utils) {
	const PI = _Utils.PI = 3.14159;
	function calculateArea(radius) {
		return PI * radius * radius;
	}
	_Utils.calculateArea = calculateArea;
	let Shapes;
	(function(_Shapes) {
		class Circle {
			radius;
			constructor(radius) {
				this.radius = radius;
			}
			area() {
				return Utils.calculateArea(this.radius);
			}
		}
		_Shapes.Circle = Circle;
	})(Shapes || (Shapes = _Utils.Shapes || (_Utils.Shapes = {})));
})(Utils || (Utils = {}));
let Config;
(function(_Config) {
	_Config.API_URL = "https://api.example.com";
	_Config.VERSION = "1.0.0";
	let Features;
	(function(_Features) {
		_Features.FEATURE_A = true;
		_Features.FEATURE_B = false;
	})(Features || (Features = _Config.Features || (_Config.Features = {})));
})(Config || (Config = {}));
function TestNamespace() {
	const area = new Utils.Shapes.Circle(5).area();
	var _el$ = _tmpl$();
	var _el$3 = _el$.firstChild.nextSibling;
	_el$3.firstChild;
	var _el$5 = _el$3.nextSibling;
	_el$5.firstChild;
	var _el$7 = _el$5.nextSibling;
	_el$7.firstChild;
	var _el$9 = _el$7.nextSibling;
	_el$9.firstChild;
	insert(_el$3, area, null);
	insert(_el$5, () => {
		return Config.API_URL;
	}, null);
	insert(_el$7, () => {
		return Config.VERSION;
	}, null);
	insert(_el$9, () => {
		return Config.Features.FEATURE_A ? "Enabled" : "Disabled";
	}, null);
	return _el$;
}
export { Class1, Class2, Enum1, Enum2, Enum4, Namespace1, TestNamespace, text };
"
`;

exports[`rolldown-plugin-solid dist should transform typescript code with {optimizeConstEnums: true} 1`] = `
"import { insert, template } from "@solidjs/web";
var _tmpl$ = /* @__PURE__ */ template(\`<div><h2>Namespace Test</h2><p>Circle area: </p><p>API URL: </p><p>Version: </p><p>Feature A: \`);
var Enum4 = /* @__PURE__ */ function(Enum4) {
	Enum4[Enum4["Foo"] = 0] = "Foo";
	Enum4[Enum4["Bar"] = 1] = "Bar";
	Enum4[Enum4["Baz"] = 2] = "Baz";
	return Enum4;
}(Enum4 || {});
const text = "text";
var Enum1 = /* @__PURE__ */ function(Enum1) {
	Enum1[Enum1["Foo"] = 0] = "Foo";
	Enum1[Enum1["Bar"] = 1] = "Bar";
	Enum1[Enum1["Baz"] = 2] = "Baz";
	return Enum1;
}(Enum1 || {});
var Enum2 = /* @__PURE__ */ function(Enum2) {
	Enum2["Foo"] = "FOO";
	Enum2["Bar"] = "BAR";
	Enum2["Baz"] = "BAZ";
	return Enum2;
}(Enum2 || {});
var Class1 = class {
	prop1;
	constructor(prop1) {
		this.prop1 = prop1;
	}
	method1() {
		console.log(this.prop1);
	}
};
var Class2 = class extends Class1 {
	prop2;
	constructor(prop1, prop2) {
		super(prop1);
		this.prop2 = prop2;
	}
	method2() {
		return this.prop2;
	}
};
let Namespace1;
(function(_Namespace) {
	_Namespace.Enum3 = /* @__PURE__ */ function(Enum3) {
		Enum3[Enum3["Foo"] = 0] = "Foo";
		Enum3[Enum3["Bar"] = 1] = "Bar";
		Enum3[Enum3["Baz"] = 2] = "Baz";
		return Enum3;
	}({});
})(Namespace1 || (Namespace1 = {}));
let Utils;
(function(_Utils) {
	const PI = _Utils.PI = 3.14159;
	function calculateArea(radius) {
		return PI * radius * radius;
	}
	_Utils.calculateArea = calculateArea;
	let Shapes;
	(function(_Shapes) {
		class Circle {
			radius;
			constructor(radius) {
				this.radius = radius;
			}
			area() {
				return Utils.calculateArea(this.radius);
			}
		}
		_Shapes.Circle = Circle;
	})(Shapes || (Shapes = _Utils.Shapes || (_Utils.Shapes = {})));
})(Utils || (Utils = {}));
let Config;
(function(_Config) {
	_Config.API_URL = "https://api.example.com";
	_Config.VERSION = "1.0.0";
	let Features;
	(function(_Features) {
		_Features.FEATURE_A = true;
		_Features.FEATURE_B = false;
	})(Features || (Features = _Config.Features || (_Config.Features = {})));
})(Config || (Config = {}));
function TestNamespace() {
	const area = new Utils.Shapes.Circle(5).area();
	var _el$ = _tmpl$();
	var _el$3 = _el$.firstChild.nextSibling;
	_el$3.firstChild;
	var _el$5 = _el$3.nextSibling;
	_el$5.firstChild;
	var _el$7 = _el$5.nextSibling;
	_el$7.firstChild;
	var _el$9 = _el$7.nextSibling;
	_el$9.firstChild;
	insert(_el$3, area, null);
	insert(_el$5, () => {
		return Config.API_URL;
	}, null);
	insert(_el$7, () => {
		return Config.VERSION;
	}, null);
	insert(_el$9, () => {
		return Config.Features.FEATURE_A ? "Enabled" : "Disabled";
	}, null);
	return _el$;
}
export { Class1, Class2, Enum1, Enum2, Enum4, Namespace1, TestNamespace, text };
"
`;
