// Bun Snapshot v1, https://bun.sh/docs/test/snapshots

exports[`rolldown-plugin-solid src should transform TypeScript import extensions to JavaScript 1`] = `
"var default_default = "default";
const something = "test";
const all = "test";
await Promise.resolve().then(() => /* @__PURE__ */ Object.freeze({ __proto__: null }));
Promise.resolve().then(() => /* @__PURE__ */ Object.freeze({ __proto__: null }));
export { all, default_default as default, something };
"
`;

exports[`rolldown-plugin-solid dist should transform TypeScript import extensions to JavaScript 1`] = `
"var default_default = "default";
const something = "test";
const all = "test";
await Promise.resolve().then(() => /* @__PURE__ */ Object.freeze({ __proto__: null }));
Promise.resolve().then(() => /* @__PURE__ */ Object.freeze({ __proto__: null }));
export { all, default_default as default, something };
"
`;

exports[`rolldown-plugin-solid src should transform TypeScript import extensions to JavaScript (rewriteImportExtensions: false) 1`] = `
"var default_default = "default";
const something = "test";
const all = "test";
await Promise.resolve().then(() => /* @__PURE__ */ Object.freeze({ __proto__: null }));
Promise.resolve().then(() => /* @__PURE__ */ Object.freeze({ __proto__: null }));
export { all, default_default as default, something };
"
`;

exports[`rolldown-plugin-solid dist should transform TypeScript import extensions to JavaScript (rewriteImportExtensions: false) 1`] = `
"var default_default = "default";
const something = "test";
const all = "test";
await Promise.resolve().then(() => /* @__PURE__ */ Object.freeze({ __proto__: null }));
Promise.resolve().then(() => /* @__PURE__ */ Object.freeze({ __proto__: null }));
export { all, default_default as default, something };
"
`;
