// Bun Snapshot v1, https://bun.sh/docs/test/snapshots

exports[`rolldown-plugin-solid src should transform with typescript declare 1`] = `
"const sharedConfig = {
	context: void 0,
	registry: void 0,
	effects: void 0,
	done: false,
	getContextId() {
		return getContextId(this.context.count);
	},
	getNextContextId() {
		return getContextId(this.context.count++);
	}
};
function getContextId(count) {
	const num = String(count), len = num.length - 1;
	return sharedConfig.context.id + (len ? String.fromCharCode(96 + len) : "") + num;
}
const equalFn = (a, b) => a === b;
const $TRACK = Symbol("solid-track");
const signalOptions = { equals: equalFn };
let runEffects = runQueue;
const STALE = 1;
const PENDING = 2;
const UNOWNED = {
	owned: null,
	cleanups: null,
	context: null,
	owner: null
};
var Owner = null;
let Transition = null;
let Listener = null;
let Updates = null;
let Effects = null;
let ExecCount = 0;
function createRoot(fn, detachedOwner) {
	const listener = Listener, owner = Owner, unowned = fn.length === 0, current = detachedOwner === void 0 ? owner : detachedOwner, root = unowned ? UNOWNED : {
		owned: null,
		cleanups: null,
		context: current ? current.context : null,
		owner: current
	}, updateFn = unowned ? fn : () => fn(() => untrack(() => cleanNode(root)));
	Owner = root;
	Listener = null;
	try {
		return runUpdates(updateFn, true);
	} finally {
		Listener = listener;
		Owner = owner;
	}
}
function createSignal(value, options) {
	options = options ? Object.assign({}, signalOptions, options) : signalOptions;
	const s = {
		value,
		observers: null,
		observerSlots: null,
		comparator: options.equals || void 0
	};
	const setter = (value) => {
		if (typeof value === "function") {
			if (Transition && Transition.running && Transition.sources.has(s)) value = value(s.tValue);
			else value = value(s.value);
		}
		return writeSignal(s, value);
	};
	return [readSignal.bind(s), setter];
}
function createRenderEffect(fn, value, options) {
	updateComputation(createComputation(fn, value, false, STALE));
}
function createMemo(fn, value, options) {
	options = options ? Object.assign({}, signalOptions, options) : signalOptions;
	const c = createComputation(fn, value, true, 0);
	c.observers = null;
	c.observerSlots = null;
	c.comparator = options.equals || void 0;
	updateComputation(c);
	return readSignal.bind(c);
}
function untrack(fn) {
	if (Listener === null) return fn();
	const listener = Listener;
	Listener = null;
	try {
		return fn();
	} finally {
		Listener = listener;
	}
}
function onCleanup(fn) {
	if (Owner === null);
	else if (Owner.cleanups === null) Owner.cleanups = [fn];
	else Owner.cleanups.push(fn);
	return fn;
}
const [transPending, setTransPending] = /*@__PURE__*/ createSignal(false);
function readSignal() {
	const runningTransition = Transition && Transition.running;
	if (this.sources && (runningTransition ? this.tState : this.state)) {
		if ((runningTransition ? this.tState : this.state) === STALE) updateComputation(this);
		else {
			const updates = Updates;
			Updates = null;
			runUpdates(() => lookUpstream(this), false);
			Updates = updates;
		}
	}
	if (Listener) {
		const observers = this.observers;
		if (!observers || observers[observers.length - 1] !== Listener) {
			const sSlot = observers ? observers.length : 0;
			if (!Listener.sources) {
				Listener.sources = [this];
				Listener.sourceSlots = [sSlot];
			} else {
				Listener.sources.push(this);
				Listener.sourceSlots.push(sSlot);
			}
			if (!observers) {
				this.observers = [Listener];
				this.observerSlots = [Listener.sources.length - 1];
			} else {
				observers.push(Listener);
				this.observerSlots.push(Listener.sources.length - 1);
			}
		}
	}
	if (runningTransition && Transition.sources.has(this)) return this.tValue;
	return this.value;
}
function writeSignal(node, value, isComp) {
	let current = Transition && Transition.running && Transition.sources.has(node) ? node.tValue : node.value;
	if (!node.comparator || !node.comparator(current, value)) {
		if (Transition) {
			const TransitionRunning = Transition.running;
			if (TransitionRunning || !isComp && Transition.sources.has(node)) {
				Transition.sources.add(node);
				node.tValue = value;
			}
			if (!TransitionRunning) node.value = value;
		} else node.value = value;
		if (node.observers && node.observers.length) runUpdates(() => {
			for (let i = 0; i < node.observers.length; i += 1) {
				const o = node.observers[i];
				const TransitionRunning = Transition && Transition.running;
				if (TransitionRunning && Transition.disposed.has(o)) continue;
				if (TransitionRunning ? !o.tState : !o.state) {
					if (o.pure) Updates.push(o);
					else Effects.push(o);
					if (o.observers) markDownstream(o);
				}
				if (!TransitionRunning) o.state = STALE;
				else o.tState = STALE;
			}
			if (Updates.length > 1e6) {
				Updates = [];
				throw new Error();
			}
		}, false);
	}
	return value;
}
function updateComputation(node) {
	if (!node.fn) return;
	cleanNode(node);
	const time = ExecCount;
	runComputation(node, Transition && Transition.running && Transition.sources.has(node) ? node.tValue : node.value, time);
	if (Transition && !Transition.running && Transition.sources.has(node)) queueMicrotask(() => {
		runUpdates(() => {
			Transition && (Transition.running = true);
			Listener = Owner = node;
			runComputation(node, node.tValue, time);
			Listener = Owner = null;
		}, false);
	});
}
function runComputation(node, value, time) {
	let nextValue;
	const owner = Owner, listener = Listener;
	Listener = Owner = node;
	try {
		nextValue = node.fn(value);
	} catch (err) {
		if (node.pure) {
			if (Transition && Transition.running) {
				node.tState = STALE;
				node.tOwned && node.tOwned.forEach(cleanNode);
				node.tOwned = void 0;
			} else {
				node.state = STALE;
				node.owned && node.owned.forEach(cleanNode);
				node.owned = null;
			}
		}
		node.updatedAt = time + 1;
		return handleError(err);
	} finally {
		Listener = listener;
		Owner = owner;
	}
	if (!node.updatedAt || node.updatedAt <= time) {
		if (node.updatedAt != null && "observers" in node) writeSignal(node, nextValue, true);
		else if (Transition && Transition.running && node.pure) {
			if (!Transition.sources.has(node)) node.value = nextValue;
			Transition.sources.add(node);
			node.tValue = nextValue;
		} else node.value = nextValue;
		node.updatedAt = time;
	}
}
function createComputation(fn, init, pure, state = STALE, options) {
	const c = {
		fn,
		state,
		updatedAt: null,
		owned: null,
		sources: null,
		sourceSlots: null,
		cleanups: null,
		value: init,
		owner: Owner,
		context: Owner ? Owner.context : null,
		pure
	};
	if (Transition && Transition.running) {
		c.state = 0;
		c.tState = state;
	}
	if (Owner === null);
	else if (Owner !== UNOWNED) {
		if (Transition && Transition.running && Owner.pure) {
			if (!Owner.tOwned) Owner.tOwned = [c];
			else Owner.tOwned.push(c);
		} else if (!Owner.owned) Owner.owned = [c];
		else Owner.owned.push(c);
	}
	return c;
}
function runTop(node) {
	const runningTransition = Transition && Transition.running;
	if ((runningTransition ? node.tState : node.state) === 0) return;
	if ((runningTransition ? node.tState : node.state) === PENDING) return lookUpstream(node);
	if (node.suspense && untrack(node.suspense.inFallback)) return node.suspense.effects.push(node);
	const ancestors = [node];
	while ((node = node.owner) && (!node.updatedAt || node.updatedAt < ExecCount)) {
		if (runningTransition && Transition.disposed.has(node)) return;
		if (runningTransition ? node.tState : node.state) ancestors.push(node);
	}
	for (let i = ancestors.length - 1; i >= 0; i--) {
		node = ancestors[i];
		if (runningTransition) {
			let top = node, prev = ancestors[i + 1];
			while ((top = top.owner) && top !== prev) if (Transition.disposed.has(top)) return;
		}
		if ((runningTransition ? node.tState : node.state) === STALE) updateComputation(node);
		else if ((runningTransition ? node.tState : node.state) === PENDING) {
			const updates = Updates;
			Updates = null;
			runUpdates(() => lookUpstream(node, ancestors[0]), false);
			Updates = updates;
		}
	}
}
function runUpdates(fn, init) {
	if (Updates) return fn();
	let wait = false;
	if (!init) Updates = [];
	if (Effects) wait = true;
	else Effects = [];
	ExecCount++;
	try {
		const res = fn();
		completeUpdates(wait);
		return res;
	} catch (err) {
		if (!wait) Effects = null;
		Updates = null;
		handleError(err);
	}
}
function completeUpdates(wait) {
	if (Updates) {
		runQueue(Updates);
		Updates = null;
	}
	if (wait) return;
	let res;
	if (Transition) {
		if (!Transition.promises.size && !Transition.queue.size) {
			const sources = Transition.sources;
			const disposed = Transition.disposed;
			Effects.push.apply(Effects, Transition.effects);
			res = Transition.resolve;
			for (const e of Effects) {
				"tState" in e && (e.state = e.tState);
				delete e.tState;
			}
			Transition = null;
			runUpdates(() => {
				for (const d of disposed) cleanNode(d);
				for (const v of sources) {
					v.value = v.tValue;
					if (v.owned) for (let i = 0, len = v.owned.length; i < len; i++) cleanNode(v.owned[i]);
					if (v.tOwned) v.owned = v.tOwned;
					delete v.tValue;
					delete v.tOwned;
					v.tState = 0;
				}
				setTransPending(false);
			}, false);
		} else if (Transition.running) {
			Transition.running = false;
			Transition.effects.push.apply(Transition.effects, Effects);
			Effects = null;
			setTransPending(true);
			return;
		}
	}
	const e = Effects;
	Effects = null;
	if (e.length) runUpdates(() => runEffects(e), false);
	if (res) res();
}
function runQueue(queue) {
	for (let i = 0; i < queue.length; i++) runTop(queue[i]);
}
function lookUpstream(node, ignore) {
	const runningTransition = Transition && Transition.running;
	if (runningTransition) node.tState = 0;
	else node.state = 0;
	for (let i = 0; i < node.sources.length; i += 1) {
		const source = node.sources[i];
		if (source.sources) {
			const state = runningTransition ? source.tState : source.state;
			if (state === STALE) {
				if (source !== ignore && (!source.updatedAt || source.updatedAt < ExecCount)) runTop(source);
			} else if (state === PENDING) lookUpstream(source, ignore);
		}
	}
}
function markDownstream(node) {
	const runningTransition = Transition && Transition.running;
	for (let i = 0; i < node.observers.length; i += 1) {
		const o = node.observers[i];
		if (runningTransition ? !o.tState : !o.state) {
			if (runningTransition) o.tState = PENDING;
			else o.state = PENDING;
			if (o.pure) Updates.push(o);
			else Effects.push(o);
			o.observers && markDownstream(o);
		}
	}
}
function cleanNode(node) {
	let i;
	if (node.sources) while (node.sources.length) {
		const source = node.sources.pop(), index = node.sourceSlots.pop(), obs = source.observers;
		if (obs && obs.length) {
			const n = obs.pop(), s = source.observerSlots.pop();
			if (index < obs.length) {
				n.sourceSlots[s] = index;
				obs[index] = n;
				source.observerSlots[index] = s;
			}
		}
	}
	if (node.tOwned) {
		for (i = node.tOwned.length - 1; i >= 0; i--) cleanNode(node.tOwned[i]);
		delete node.tOwned;
	}
	if (Transition && Transition.running && node.pure) reset(node, true);
	else if (node.owned) {
		for (i = node.owned.length - 1; i >= 0; i--) cleanNode(node.owned[i]);
		node.owned = null;
	}
	if (node.cleanups) {
		for (i = node.cleanups.length - 1; i >= 0; i--) node.cleanups[i]();
		node.cleanups = null;
	}
	if (Transition && Transition.running) node.tState = 0;
	else node.state = 0;
}
function reset(node, top) {
	if (!top) {
		node.tState = 0;
		Transition.disposed.add(node);
	}
	if (node.owned) for (let i = 0; i < node.owned.length; i++) reset(node.owned[i]);
}
function castError(err) {
	if (err instanceof Error) return err;
	return new Error(typeof err === "string" ? err : "Unknown error", { cause: err });
}
function handleError(err, owner = Owner) {
	throw castError(err);
}
const FALLBACK = Symbol("fallback");
function dispose(d) {
	for (let i = 0; i < d.length; i++) d[i]();
}
function mapArray(list, mapFn, options = {}) {
	let items = [], mapped = [], disposers = [], len = 0, indexes = mapFn.length > 1 ? [] : null;
	onCleanup(() => dispose(disposers));
	return () => {
		let newItems = list() || [], newLen = newItems.length, i, j;
		newItems[$TRACK];
		return untrack(() => {
			let newIndices, newIndicesNext, temp, tempdisposers, tempIndexes, start, end, newEnd, item;
			if (newLen === 0) {
				if (len !== 0) {
					dispose(disposers);
					disposers = [];
					items = [];
					mapped = [];
					len = 0;
					indexes && (indexes = []);
				}
				if (options.fallback) {
					items = [FALLBACK];
					mapped[0] = createRoot((disposer) => {
						disposers[0] = disposer;
						return options.fallback();
					});
					len = 1;
				}
			} else if (len === 0) {
				mapped = new Array(newLen);
				for (j = 0; j < newLen; j++) {
					items[j] = newItems[j];
					mapped[j] = createRoot(mapper);
				}
				len = newLen;
			} else {
				temp = new Array(newLen);
				tempdisposers = new Array(newLen);
				indexes && (tempIndexes = new Array(newLen));
				for (start = 0, end = Math.min(len, newLen); start < end && items[start] === newItems[start]; start++);
				for (end = len - 1, newEnd = newLen - 1; end >= start && newEnd >= start && items[end] === newItems[newEnd]; end--, newEnd--) {
					temp[newEnd] = mapped[end];
					tempdisposers[newEnd] = disposers[end];
					indexes && (tempIndexes[newEnd] = indexes[end]);
				}
				newIndices = /* @__PURE__ */ new Map();
				newIndicesNext = new Array(newEnd + 1);
				for (j = newEnd; j >= start; j--) {
					item = newItems[j];
					i = newIndices.get(item);
					newIndicesNext[j] = i === void 0 ? -1 : i;
					newIndices.set(item, j);
				}
				for (i = start; i <= end; i++) {
					item = items[i];
					j = newIndices.get(item);
					if (j !== void 0 && j !== -1) {
						temp[j] = mapped[i];
						tempdisposers[j] = disposers[i];
						indexes && (tempIndexes[j] = indexes[i]);
						j = newIndicesNext[j];
						newIndices.set(item, j);
					} else disposers[i]();
				}
				for (j = start; j < newLen; j++) if (j in temp) {
					mapped[j] = temp[j];
					disposers[j] = tempdisposers[j];
					if (indexes) {
						indexes[j] = tempIndexes[j];
						indexes[j](j);
					}
				} else mapped[j] = createRoot(mapper);
				mapped = mapped.slice(0, len = newLen);
				items = newItems.slice(0);
			}
			return mapped;
		});
		function mapper(disposer) {
			disposers[j] = disposer;
			if (indexes) {
				const [s, set] = createSignal(j);
				indexes[j] = set;
				return mapFn(newItems[j], s);
			}
			return mapFn(newItems[j]);
		}
	};
}
function createComponent(Comp, props) {
	return untrack(() => Comp(props || {}));
}
function For(props) {
	const fallback = "fallback" in props && { fallback: () => props.fallback };
	return createMemo(mapArray(() => props.each, props.children, fallback || void 0));
}
const memo = (fn) => createMemo(() => fn());
function reconcileArrays(parentNode, a, b) {
	let bLength = b.length, aEnd = a.length, bEnd = bLength, aStart = 0, bStart = 0, after = a[aEnd - 1].nextSibling, map = null;
	while (aStart < aEnd || bStart < bEnd) {
		if (a[aStart] === b[bStart]) {
			aStart++;
			bStart++;
			continue;
		}
		while (a[aEnd - 1] === b[bEnd - 1]) {
			aEnd--;
			bEnd--;
		}
		if (aEnd === aStart) {
			const node = bEnd < bLength ? bStart ? b[bStart - 1].nextSibling : b[bEnd - bStart] : after;
			while (bStart < bEnd) parentNode.insertBefore(b[bStart++], node);
		} else if (bEnd === bStart) while (aStart < aEnd) {
			if (!map || !map.has(a[aStart])) a[aStart].remove();
			aStart++;
		}
		else if (a[aStart] === b[bEnd - 1] && b[bStart] === a[aEnd - 1]) {
			const node = a[--aEnd].nextSibling;
			parentNode.insertBefore(b[bStart++], a[aStart++].nextSibling);
			parentNode.insertBefore(b[--bEnd], node);
			a[aEnd] = b[bEnd];
		} else {
			if (!map) {
				map = /* @__PURE__ */ new Map();
				let i = bStart;
				while (i < bEnd) map.set(b[i], i++);
			}
			const index = map.get(a[aStart]);
			if (index != null) {
				if (bStart < index && index < bEnd) {
					let i = aStart, sequence = 1, t;
					while (++i < aEnd && i < bEnd) {
						if ((t = map.get(a[i])) == null || t !== index + sequence) break;
						sequence++;
					}
					if (sequence > index - bStart) {
						const node = a[aStart];
						while (bStart < index) parentNode.insertBefore(b[bStart++], node);
					} else parentNode.replaceChild(b[bStart++], a[aStart++]);
				} else aStart++;
			} else a[aStart++].remove();
		}
	}
}
const $$EVENTS = "_$DX_DELEGATE";
function template(html, isImportNode, isSVG, isMathML) {
	let node;
	const create = () => {
		const t = isMathML ? document.createElementNS("http://www.w3.org/1998/Math/MathML", "template") : document.createElement("template");
		t.innerHTML = html;
		return isSVG ? t.content.firstChild.firstChild : isMathML ? t.firstChild : t.content.firstChild;
	};
	const fn = isImportNode ? () => untrack(() => document.importNode(node || (node = create()), true)) : () => (node || (node = create())).cloneNode(true);
	fn.cloneNode = fn;
	return fn;
}
function delegateEvents(eventNames, document = window.document) {
	const e = document[$$EVENTS] || (document[$$EVENTS] = /* @__PURE__ */ new Set());
	for (let i = 0, l = eventNames.length; i < l; i++) {
		const name = eventNames[i];
		if (!e.has(name)) {
			e.add(name);
			document.addEventListener(name, eventHandler);
		}
	}
}
function setAttribute(node, name, value) {
	if (isHydrating(node)) return;
	if (value == null) node.removeAttribute(name);
	else node.setAttribute(name, value);
}
function setStyleProperty(node, name, value) {
	value != null ? node.style.setProperty(name, value) : node.style.removeProperty(name);
}
function insert(parent, accessor, marker, initial) {
	if (marker !== void 0 && !initial) initial = [];
	if (typeof accessor !== "function") return insertExpression(parent, accessor, initial, marker);
	createRenderEffect((current) => insertExpression(parent, accessor(), current, marker), initial);
}
function isHydrating(node) {
	return !!sharedConfig.context && !sharedConfig.done && (!node || node.isConnected);
}
function eventHandler(e) {
	if (sharedConfig.registry && sharedConfig.events) {
		if (sharedConfig.events.find(([el, ev]) => ev === e)) return;
	}
	let node = e.target;
	const key = \`$$\${e.type}\`;
	const oriTarget = e.target;
	const oriCurrentTarget = e.currentTarget;
	const retarget = (value) => Object.defineProperty(e, "target", {
		configurable: true,
		value
	});
	const handleNode = () => {
		const handler = node[key];
		if (handler && !node.disabled) {
			const data = node[\`\${key}Data\`];
			data !== void 0 ? handler.call(node, data, e) : handler.call(node, e);
			if (e.cancelBubble) return;
		}
		node.host && typeof node.host !== "string" && !node.host._$host && node.contains(e.target) && retarget(node.host);
		return true;
	};
	const walkUpTree = () => {
		while (handleNode() && (node = node._$host || node.parentNode || node.host));
	};
	Object.defineProperty(e, "currentTarget", {
		configurable: true,
		get() {
			return node || document;
		}
	});
	if (sharedConfig.registry && !sharedConfig.done) sharedConfig.done = _$HY.done = true;
	if (e.composedPath) {
		const path = e.composedPath();
		retarget(path[0]);
		for (let i = 0; i < path.length - 2; i++) {
			node = path[i];
			if (!handleNode()) break;
			if (node._$host) {
				node = node._$host;
				walkUpTree();
				break;
			}
			if (node.parentNode === oriCurrentTarget) break;
		}
	} else walkUpTree();
	retarget(oriTarget);
}
function insertExpression(parent, value, current, marker, unwrapArray) {
	const hydrating = isHydrating(parent);
	if (hydrating) {
		!current && (current = [...parent.childNodes]);
		let cleaned = [];
		for (let i = 0; i < current.length; i++) {
			const node = current[i];
			if (node.nodeType === 8 && node.data.slice(0, 2) === "!$") node.remove();
			else cleaned.push(node);
		}
		current = cleaned;
	}
	while (typeof current === "function") current = current();
	if (value === current) return current;
	const t = typeof value, multi = marker !== void 0;
	parent = multi && current[0] && current[0].parentNode || parent;
	if (t === "string" || t === "number") {
		if (hydrating) return current;
		if (t === "number") {
			value = value.toString();
			if (value === current) return current;
		}
		if (multi) {
			let node = current[0];
			if (node && node.nodeType === 3) node.data !== value && (node.data = value);
			else node = document.createTextNode(value);
			current = cleanChildren(parent, current, marker, node);
		} else if (current !== "" && typeof current === "string") current = parent.firstChild.data = value;
		else current = parent.textContent = value;
	} else if (value == null || t === "boolean") {
		if (hydrating) return current;
		current = cleanChildren(parent, current, marker);
	} else if (t === "function") {
		createRenderEffect(() => {
			let v = value();
			while (typeof v === "function") v = v();
			current = insertExpression(parent, v, current, marker);
		});
		return () => current;
	} else if (Array.isArray(value)) {
		const array = [];
		const currentArray = current && Array.isArray(current);
		if (normalizeIncomingArray(array, value, current, unwrapArray)) {
			createRenderEffect(() => current = insertExpression(parent, array, current, marker, true));
			return () => current;
		}
		if (hydrating) {
			if (!array.length) return current;
			if (marker === void 0) return current = [...parent.childNodes];
			let node = array[0];
			if (node.parentNode !== parent) return current;
			const nodes = [node];
			while ((node = node.nextSibling) !== marker) nodes.push(node);
			return current = nodes;
		}
		if (array.length === 0) {
			current = cleanChildren(parent, current, marker);
			if (multi) return current;
		} else if (currentArray) {
			if (current.length === 0) appendNodes(parent, array, marker);
			else reconcileArrays(parent, current, array);
		} else {
			current && cleanChildren(parent);
			appendNodes(parent, array);
		}
		current = array;
	} else if (value.nodeType) {
		if (hydrating && value.parentNode) return current = multi ? [value] : value;
		if (Array.isArray(current)) {
			if (multi) return current = cleanChildren(parent, current, marker, value);
			cleanChildren(parent, current, null, value);
		} else if (current == null || current === "" || !parent.firstChild) parent.appendChild(value);
		else parent.replaceChild(value, parent.firstChild);
		current = value;
	}
	return current;
}
function normalizeIncomingArray(normalized, array, current, unwrap) {
	let dynamic = false;
	for (let i = 0, len = array.length; i < len; i++) {
		let item = array[i], prev = current && current[normalized.length], t;
		if (item == null || item === true || item === false);
		else if ((t = typeof item) === "object" && item.nodeType) normalized.push(item);
		else if (Array.isArray(item)) dynamic = normalizeIncomingArray(normalized, item, prev) || dynamic;
		else if (t === "function") {
			if (unwrap) {
				while (typeof item === "function") item = item();
				dynamic = normalizeIncomingArray(normalized, Array.isArray(item) ? item : [item], Array.isArray(prev) ? prev : [prev]) || dynamic;
			} else {
				normalized.push(item);
				dynamic = true;
			}
		} else {
			const value = String(item);
			if (prev && prev.nodeType === 3 && prev.data === value) normalized.push(prev);
			else normalized.push(document.createTextNode(value));
		}
	}
	return dynamic;
}
function appendNodes(parent, array, marker = null) {
	for (let i = 0, len = array.length; i < len; i++) parent.insertBefore(array[i], marker);
}
function cleanChildren(parent, current, marker, replacement) {
	if (marker === void 0) return parent.textContent = "";
	const node = replacement || document.createTextNode("");
	if (current.length) {
		let inserted = false;
		for (let i = current.length - 1; i >= 0; i--) {
			const el = current[i];
			if (node !== el) {
				const isParent = el.parentNode === parent;
				if (!inserted && !i) isParent ? parent.replaceChild(node, el) : parent.insertBefore(node, marker);
				else isParent && el.remove();
			} else inserted = true;
		}
	} else parent.insertBefore(node, marker);
	return [node];
}
var _tmpl$ = /*#__PURE__*/ template(\`<div>Status: \`);
var _tmpl$2 = /*#__PURE__*/ template(\`<div>Pending...\`);
var _tmpl$3 = /*#__PURE__*/ template(\`<div>Loading...\`);
var _tmpl$4 = /*#__PURE__*/ template(\`<div>Success!\`);
var _tmpl$5 = /*#__PURE__*/ template(\`<div>Error!\`);
var _tmpl$6 = /*#__PURE__*/ template(\`<div>Unknown\`);
var _tmpl$7 = /*#__PURE__*/ template(\`<input type=text>\`);
var _tmpl$8 = /*#__PURE__*/ template(\`<ul>\`);
var _tmpl$9 = /*#__PURE__*/ template(\`<li>\`);
var _tmpl$0 = /*#__PURE__*/ template(\`<div>Error: \`);
var _tmpl$1 = /*#__PURE__*/ template(\`<li><span></span><button>Update\`);
var _tmpl$10 = /*#__PURE__*/ template(\`<span>(<!>)\`);
var _tmpl$11 = /*#__PURE__*/ template(\`<span>\`);
var _tmpl$12 = /*#__PURE__*/ template(\`<span>Number: \`);
var Status = /*#__PURE__*/ function(Status) {
	Status[Status["Pending"] = 0] = "Pending";
	Status[Status["Loading"] = 1] = "Loading";
	Status[Status["Success"] = 2] = "Success";
	Status[Status["Error"] = 3] = "Error";
	return Status;
}(Status || {});
var Colors = /*#__PURE__*/ function(Colors) {
	Colors["Red"] = "#FF0000";
	Colors["Green"] = "#00FF00";
	Colors["Blue"] = "#0000FF";
	return Colors;
}(Colors || {});
function TestConstEnum() {
	const status = Status.Loading;
	const color = Colors.Green;
	return (() => {
		var _el$ = _tmpl$();
		_el$.firstChild;
		setAttribute(_el$, "data-status", status);
		setStyleProperty(_el$, "color", color);
		insert(_el$, status, null);
		return _el$;
	})();
}
function TestConstEnumSwitch(status) {
	switch (status) {
		case Status.Pending: return _tmpl$2();
		case Status.Loading: return _tmpl$3();
		case Status.Success: return _tmpl$4();
		case Status.Error: return _tmpl$5();
		default: return _tmpl$6();
	}
}
function GenericInput(props) {
	const [value, setValue] = createSignal(props.value);
	const handleChange = (event) => {
		const newValue = event.target.value;
		setValue(() => newValue);
		props.onChange?.(newValue);
	};
	return (() => {
		var _el$8 = _tmpl$7();
		_el$8.addEventListener("change", handleChange);
		createRenderEffect(() => _el$8.disabled = props.disabled);
		createRenderEffect(() => _el$8.value = value());
		return _el$8;
	})();
}
function MultiGenericList(props) {
	const sortedItems = createMemo(() => {
		return [...props.data].sort((a, b) => {
			const aVal = a[props.sortKey];
			const bVal = b[props.sortKey];
			if (aVal < bVal) return props.direction === "desc" ? 1 : -1;
			if (aVal > bVal) return props.direction === "desc" ? -1 : 1;
			return 0;
		});
	});
	return (() => {
		var _el$9 = _tmpl$8();
		insert(_el$9, createComponent(For, {
			get each() {
				return sortedItems();
			},
			children: (item) => (() => {
				var _el$0 = _tmpl$9();
				insert(_el$0, (() => {
					var _c$ = memo(() => !!props.transform);
					return () => _c$() ? props.transform(item) : String(item[props.sortKey]);
				})());
				return _el$0;
			})()
		}));
		return _el$9;
	})();
}
function ConditionalRenderer(props) {
	return props.render(props.data);
}
function withLoadingState(Component) {
	return (props) => {
		if (props.loading) return _tmpl$3();
		if (props.error) return (() => {
			var _el$10 = _tmpl$0();
			_el$10.firstChild;
			insert(_el$10, () => props.error, null);
			return _el$10;
		})();
		return createComponent(Component, props);
	};
}
function UserList(props) {
	return (() => {
		var _el$12 = _tmpl$8();
		insert(_el$12, createComponent(For, {
			get each() {
				return props.users;
			},
			children: (user) => (() => {
				var _el$13 = _tmpl$1(), _el$14 = _el$13.firstChild, _el$15 = _el$14.nextSibling;
				insert(_el$14, () => user.name);
				insert(_el$13, (() => {
					var _c$2 = memo(() => !!user.email);
					return () => _c$2() && (() => {
						var _el$16 = _tmpl$10(), _el$19 = _el$16.firstChild.nextSibling;
						_el$19.nextSibling;
						insert(_el$16, () => user.email, _el$19);
						return _el$16;
					})();
				})(), _el$15);
				_el$15.$$click = () => props.onUpdate(user.id, { name: user.name + "!" });
				return _el$13;
			})()
		}));
		return _el$12;
	})();
}
createComponent(GenericInput, {
	value: "hello",
	onChange: (v) => console.log(v)
});
createComponent(GenericInput, {
	value: 42,
	onChange: (v) => console.log(v)
});
createComponent(MultiGenericList, {
	data: [{
		id: "1",
		name: "Item 1",
		value: 10
	}],
	sortKey: "name",
	direction: "asc"
});
createComponent(ConditionalRenderer, {
	data: "hello world",
	render: (value) => (() => {
		var _el$20 = _tmpl$11();
		insert(_el$20, () => value.toUpperCase());
		return _el$20;
	})()
});
createComponent(ConditionalRenderer, {
	data: 123,
	render: (value) => (() => {
		var _el$21 = _tmpl$12();
		_el$21.firstChild;
		insert(_el$21, value * 2, null);
		return _el$21;
	})()
});
delegateEvents(["click"]);
export { ConditionalRenderer, GenericInput, MultiGenericList, TestConstEnum, TestConstEnumSwitch, UserList, withLoadingState };
"
`;

exports[`rolldown-plugin-solid dist should transform with typescript declare 1`] = `
"const sharedConfig = {
	context: void 0,
	registry: void 0,
	effects: void 0,
	done: false,
	getContextId() {
		return getContextId(this.context.count);
	},
	getNextContextId() {
		return getContextId(this.context.count++);
	}
};
function getContextId(count) {
	const num = String(count), len = num.length - 1;
	return sharedConfig.context.id + (len ? String.fromCharCode(96 + len) : "") + num;
}
const equalFn = (a, b) => a === b;
const $TRACK = Symbol("solid-track");
const signalOptions = { equals: equalFn };
let runEffects = runQueue;
const STALE = 1;
const PENDING = 2;
const UNOWNED = {
	owned: null,
	cleanups: null,
	context: null,
	owner: null
};
var Owner = null;
let Transition = null;
let Listener = null;
let Updates = null;
let Effects = null;
let ExecCount = 0;
function createRoot(fn, detachedOwner) {
	const listener = Listener, owner = Owner, unowned = fn.length === 0, current = detachedOwner === void 0 ? owner : detachedOwner, root = unowned ? UNOWNED : {
		owned: null,
		cleanups: null,
		context: current ? current.context : null,
		owner: current
	}, updateFn = unowned ? fn : () => fn(() => untrack(() => cleanNode(root)));
	Owner = root;
	Listener = null;
	try {
		return runUpdates(updateFn, true);
	} finally {
		Listener = listener;
		Owner = owner;
	}
}
function createSignal(value, options) {
	options = options ? Object.assign({}, signalOptions, options) : signalOptions;
	const s = {
		value,
		observers: null,
		observerSlots: null,
		comparator: options.equals || void 0
	};
	const setter = (value) => {
		if (typeof value === "function") {
			if (Transition && Transition.running && Transition.sources.has(s)) value = value(s.tValue);
			else value = value(s.value);
		}
		return writeSignal(s, value);
	};
	return [readSignal.bind(s), setter];
}
function createRenderEffect(fn, value, options) {
	updateComputation(createComputation(fn, value, false, STALE));
}
function createMemo(fn, value, options) {
	options = options ? Object.assign({}, signalOptions, options) : signalOptions;
	const c = createComputation(fn, value, true, 0);
	c.observers = null;
	c.observerSlots = null;
	c.comparator = options.equals || void 0;
	updateComputation(c);
	return readSignal.bind(c);
}
function untrack(fn) {
	if (Listener === null) return fn();
	const listener = Listener;
	Listener = null;
	try {
		return fn();
	} finally {
		Listener = listener;
	}
}
function onCleanup(fn) {
	if (Owner === null);
	else if (Owner.cleanups === null) Owner.cleanups = [fn];
	else Owner.cleanups.push(fn);
	return fn;
}
const [transPending, setTransPending] = /*@__PURE__*/ createSignal(false);
function readSignal() {
	const runningTransition = Transition && Transition.running;
	if (this.sources && (runningTransition ? this.tState : this.state)) {
		if ((runningTransition ? this.tState : this.state) === STALE) updateComputation(this);
		else {
			const updates = Updates;
			Updates = null;
			runUpdates(() => lookUpstream(this), false);
			Updates = updates;
		}
	}
	if (Listener) {
		const observers = this.observers;
		if (!observers || observers[observers.length - 1] !== Listener) {
			const sSlot = observers ? observers.length : 0;
			if (!Listener.sources) {
				Listener.sources = [this];
				Listener.sourceSlots = [sSlot];
			} else {
				Listener.sources.push(this);
				Listener.sourceSlots.push(sSlot);
			}
			if (!observers) {
				this.observers = [Listener];
				this.observerSlots = [Listener.sources.length - 1];
			} else {
				observers.push(Listener);
				this.observerSlots.push(Listener.sources.length - 1);
			}
		}
	}
	if (runningTransition && Transition.sources.has(this)) return this.tValue;
	return this.value;
}
function writeSignal(node, value, isComp) {
	let current = Transition && Transition.running && Transition.sources.has(node) ? node.tValue : node.value;
	if (!node.comparator || !node.comparator(current, value)) {
		if (Transition) {
			const TransitionRunning = Transition.running;
			if (TransitionRunning || !isComp && Transition.sources.has(node)) {
				Transition.sources.add(node);
				node.tValue = value;
			}
			if (!TransitionRunning) node.value = value;
		} else node.value = value;
		if (node.observers && node.observers.length) runUpdates(() => {
			for (let i = 0; i < node.observers.length; i += 1) {
				const o = node.observers[i];
				const TransitionRunning = Transition && Transition.running;
				if (TransitionRunning && Transition.disposed.has(o)) continue;
				if (TransitionRunning ? !o.tState : !o.state) {
					if (o.pure) Updates.push(o);
					else Effects.push(o);
					if (o.observers) markDownstream(o);
				}
				if (!TransitionRunning) o.state = STALE;
				else o.tState = STALE;
			}
			if (Updates.length > 1e6) {
				Updates = [];
				throw new Error();
			}
		}, false);
	}
	return value;
}
function updateComputation(node) {
	if (!node.fn) return;
	cleanNode(node);
	const time = ExecCount;
	runComputation(node, Transition && Transition.running && Transition.sources.has(node) ? node.tValue : node.value, time);
	if (Transition && !Transition.running && Transition.sources.has(node)) queueMicrotask(() => {
		runUpdates(() => {
			Transition && (Transition.running = true);
			Listener = Owner = node;
			runComputation(node, node.tValue, time);
			Listener = Owner = null;
		}, false);
	});
}
function runComputation(node, value, time) {
	let nextValue;
	const owner = Owner, listener = Listener;
	Listener = Owner = node;
	try {
		nextValue = node.fn(value);
	} catch (err) {
		if (node.pure) {
			if (Transition && Transition.running) {
				node.tState = STALE;
				node.tOwned && node.tOwned.forEach(cleanNode);
				node.tOwned = void 0;
			} else {
				node.state = STALE;
				node.owned && node.owned.forEach(cleanNode);
				node.owned = null;
			}
		}
		node.updatedAt = time + 1;
		return handleError(err);
	} finally {
		Listener = listener;
		Owner = owner;
	}
	if (!node.updatedAt || node.updatedAt <= time) {
		if (node.updatedAt != null && "observers" in node) writeSignal(node, nextValue, true);
		else if (Transition && Transition.running && node.pure) {
			if (!Transition.sources.has(node)) node.value = nextValue;
			Transition.sources.add(node);
			node.tValue = nextValue;
		} else node.value = nextValue;
		node.updatedAt = time;
	}
}
function createComputation(fn, init, pure, state = STALE, options) {
	const c = {
		fn,
		state,
		updatedAt: null,
		owned: null,
		sources: null,
		sourceSlots: null,
		cleanups: null,
		value: init,
		owner: Owner,
		context: Owner ? Owner.context : null,
		pure
	};
	if (Transition && Transition.running) {
		c.state = 0;
		c.tState = state;
	}
	if (Owner === null);
	else if (Owner !== UNOWNED) {
		if (Transition && Transition.running && Owner.pure) {
			if (!Owner.tOwned) Owner.tOwned = [c];
			else Owner.tOwned.push(c);
		} else if (!Owner.owned) Owner.owned = [c];
		else Owner.owned.push(c);
	}
	return c;
}
function runTop(node) {
	const runningTransition = Transition && Transition.running;
	if ((runningTransition ? node.tState : node.state) === 0) return;
	if ((runningTransition ? node.tState : node.state) === PENDING) return lookUpstream(node);
	if (node.suspense && untrack(node.suspense.inFallback)) return node.suspense.effects.push(node);
	const ancestors = [node];
	while ((node = node.owner) && (!node.updatedAt || node.updatedAt < ExecCount)) {
		if (runningTransition && Transition.disposed.has(node)) return;
		if (runningTransition ? node.tState : node.state) ancestors.push(node);
	}
	for (let i = ancestors.length - 1; i >= 0; i--) {
		node = ancestors[i];
		if (runningTransition) {
			let top = node, prev = ancestors[i + 1];
			while ((top = top.owner) && top !== prev) if (Transition.disposed.has(top)) return;
		}
		if ((runningTransition ? node.tState : node.state) === STALE) updateComputation(node);
		else if ((runningTransition ? node.tState : node.state) === PENDING) {
			const updates = Updates;
			Updates = null;
			runUpdates(() => lookUpstream(node, ancestors[0]), false);
			Updates = updates;
		}
	}
}
function runUpdates(fn, init) {
	if (Updates) return fn();
	let wait = false;
	if (!init) Updates = [];
	if (Effects) wait = true;
	else Effects = [];
	ExecCount++;
	try {
		const res = fn();
		completeUpdates(wait);
		return res;
	} catch (err) {
		if (!wait) Effects = null;
		Updates = null;
		handleError(err);
	}
}
function completeUpdates(wait) {
	if (Updates) {
		runQueue(Updates);
		Updates = null;
	}
	if (wait) return;
	let res;
	if (Transition) {
		if (!Transition.promises.size && !Transition.queue.size) {
			const sources = Transition.sources;
			const disposed = Transition.disposed;
			Effects.push.apply(Effects, Transition.effects);
			res = Transition.resolve;
			for (const e of Effects) {
				"tState" in e && (e.state = e.tState);
				delete e.tState;
			}
			Transition = null;
			runUpdates(() => {
				for (const d of disposed) cleanNode(d);
				for (const v of sources) {
					v.value = v.tValue;
					if (v.owned) for (let i = 0, len = v.owned.length; i < len; i++) cleanNode(v.owned[i]);
					if (v.tOwned) v.owned = v.tOwned;
					delete v.tValue;
					delete v.tOwned;
					v.tState = 0;
				}
				setTransPending(false);
			}, false);
		} else if (Transition.running) {
			Transition.running = false;
			Transition.effects.push.apply(Transition.effects, Effects);
			Effects = null;
			setTransPending(true);
			return;
		}
	}
	const e = Effects;
	Effects = null;
	if (e.length) runUpdates(() => runEffects(e), false);
	if (res) res();
}
function runQueue(queue) {
	for (let i = 0; i < queue.length; i++) runTop(queue[i]);
}
function lookUpstream(node, ignore) {
	const runningTransition = Transition && Transition.running;
	if (runningTransition) node.tState = 0;
	else node.state = 0;
	for (let i = 0; i < node.sources.length; i += 1) {
		const source = node.sources[i];
		if (source.sources) {
			const state = runningTransition ? source.tState : source.state;
			if (state === STALE) {
				if (source !== ignore && (!source.updatedAt || source.updatedAt < ExecCount)) runTop(source);
			} else if (state === PENDING) lookUpstream(source, ignore);
		}
	}
}
function markDownstream(node) {
	const runningTransition = Transition && Transition.running;
	for (let i = 0; i < node.observers.length; i += 1) {
		const o = node.observers[i];
		if (runningTransition ? !o.tState : !o.state) {
			if (runningTransition) o.tState = PENDING;
			else o.state = PENDING;
			if (o.pure) Updates.push(o);
			else Effects.push(o);
			o.observers && markDownstream(o);
		}
	}
}
function cleanNode(node) {
	let i;
	if (node.sources) while (node.sources.length) {
		const source = node.sources.pop(), index = node.sourceSlots.pop(), obs = source.observers;
		if (obs && obs.length) {
			const n = obs.pop(), s = source.observerSlots.pop();
			if (index < obs.length) {
				n.sourceSlots[s] = index;
				obs[index] = n;
				source.observerSlots[index] = s;
			}
		}
	}
	if (node.tOwned) {
		for (i = node.tOwned.length - 1; i >= 0; i--) cleanNode(node.tOwned[i]);
		delete node.tOwned;
	}
	if (Transition && Transition.running && node.pure) reset(node, true);
	else if (node.owned) {
		for (i = node.owned.length - 1; i >= 0; i--) cleanNode(node.owned[i]);
		node.owned = null;
	}
	if (node.cleanups) {
		for (i = node.cleanups.length - 1; i >= 0; i--) node.cleanups[i]();
		node.cleanups = null;
	}
	if (Transition && Transition.running) node.tState = 0;
	else node.state = 0;
}
function reset(node, top) {
	if (!top) {
		node.tState = 0;
		Transition.disposed.add(node);
	}
	if (node.owned) for (let i = 0; i < node.owned.length; i++) reset(node.owned[i]);
}
function castError(err) {
	if (err instanceof Error) return err;
	return new Error(typeof err === "string" ? err : "Unknown error", { cause: err });
}
function handleError(err, owner = Owner) {
	throw castError(err);
}
const FALLBACK = Symbol("fallback");
function dispose(d) {
	for (let i = 0; i < d.length; i++) d[i]();
}
function mapArray(list, mapFn, options = {}) {
	let items = [], mapped = [], disposers = [], len = 0, indexes = mapFn.length > 1 ? [] : null;
	onCleanup(() => dispose(disposers));
	return () => {
		let newItems = list() || [], newLen = newItems.length, i, j;
		newItems[$TRACK];
		return untrack(() => {
			let newIndices, newIndicesNext, temp, tempdisposers, tempIndexes, start, end, newEnd, item;
			if (newLen === 0) {
				if (len !== 0) {
					dispose(disposers);
					disposers = [];
					items = [];
					mapped = [];
					len = 0;
					indexes && (indexes = []);
				}
				if (options.fallback) {
					items = [FALLBACK];
					mapped[0] = createRoot((disposer) => {
						disposers[0] = disposer;
						return options.fallback();
					});
					len = 1;
				}
			} else if (len === 0) {
				mapped = new Array(newLen);
				for (j = 0; j < newLen; j++) {
					items[j] = newItems[j];
					mapped[j] = createRoot(mapper);
				}
				len = newLen;
			} else {
				temp = new Array(newLen);
				tempdisposers = new Array(newLen);
				indexes && (tempIndexes = new Array(newLen));
				for (start = 0, end = Math.min(len, newLen); start < end && items[start] === newItems[start]; start++);
				for (end = len - 1, newEnd = newLen - 1; end >= start && newEnd >= start && items[end] === newItems[newEnd]; end--, newEnd--) {
					temp[newEnd] = mapped[end];
					tempdisposers[newEnd] = disposers[end];
					indexes && (tempIndexes[newEnd] = indexes[end]);
				}
				newIndices = /* @__PURE__ */ new Map();
				newIndicesNext = new Array(newEnd + 1);
				for (j = newEnd; j >= start; j--) {
					item = newItems[j];
					i = newIndices.get(item);
					newIndicesNext[j] = i === void 0 ? -1 : i;
					newIndices.set(item, j);
				}
				for (i = start; i <= end; i++) {
					item = items[i];
					j = newIndices.get(item);
					if (j !== void 0 && j !== -1) {
						temp[j] = mapped[i];
						tempdisposers[j] = disposers[i];
						indexes && (tempIndexes[j] = indexes[i]);
						j = newIndicesNext[j];
						newIndices.set(item, j);
					} else disposers[i]();
				}
				for (j = start; j < newLen; j++) if (j in temp) {
					mapped[j] = temp[j];
					disposers[j] = tempdisposers[j];
					if (indexes) {
						indexes[j] = tempIndexes[j];
						indexes[j](j);
					}
				} else mapped[j] = createRoot(mapper);
				mapped = mapped.slice(0, len = newLen);
				items = newItems.slice(0);
			}
			return mapped;
		});
		function mapper(disposer) {
			disposers[j] = disposer;
			if (indexes) {
				const [s, set] = createSignal(j);
				indexes[j] = set;
				return mapFn(newItems[j], s);
			}
			return mapFn(newItems[j]);
		}
	};
}
function createComponent(Comp, props) {
	return untrack(() => Comp(props || {}));
}
function For(props) {
	const fallback = "fallback" in props && { fallback: () => props.fallback };
	return createMemo(mapArray(() => props.each, props.children, fallback || void 0));
}
const memo = (fn) => createMemo(() => fn());
function reconcileArrays(parentNode, a, b) {
	let bLength = b.length, aEnd = a.length, bEnd = bLength, aStart = 0, bStart = 0, after = a[aEnd - 1].nextSibling, map = null;
	while (aStart < aEnd || bStart < bEnd) {
		if (a[aStart] === b[bStart]) {
			aStart++;
			bStart++;
			continue;
		}
		while (a[aEnd - 1] === b[bEnd - 1]) {
			aEnd--;
			bEnd--;
		}
		if (aEnd === aStart) {
			const node = bEnd < bLength ? bStart ? b[bStart - 1].nextSibling : b[bEnd - bStart] : after;
			while (bStart < bEnd) parentNode.insertBefore(b[bStart++], node);
		} else if (bEnd === bStart) while (aStart < aEnd) {
			if (!map || !map.has(a[aStart])) a[aStart].remove();
			aStart++;
		}
		else if (a[aStart] === b[bEnd - 1] && b[bStart] === a[aEnd - 1]) {
			const node = a[--aEnd].nextSibling;
			parentNode.insertBefore(b[bStart++], a[aStart++].nextSibling);
			parentNode.insertBefore(b[--bEnd], node);
			a[aEnd] = b[bEnd];
		} else {
			if (!map) {
				map = /* @__PURE__ */ new Map();
				let i = bStart;
				while (i < bEnd) map.set(b[i], i++);
			}
			const index = map.get(a[aStart]);
			if (index != null) {
				if (bStart < index && index < bEnd) {
					let i = aStart, sequence = 1, t;
					while (++i < aEnd && i < bEnd) {
						if ((t = map.get(a[i])) == null || t !== index + sequence) break;
						sequence++;
					}
					if (sequence > index - bStart) {
						const node = a[aStart];
						while (bStart < index) parentNode.insertBefore(b[bStart++], node);
					} else parentNode.replaceChild(b[bStart++], a[aStart++]);
				} else aStart++;
			} else a[aStart++].remove();
		}
	}
}
const $$EVENTS = "_$DX_DELEGATE";
function template(html, isImportNode, isSVG, isMathML) {
	let node;
	const create = () => {
		const t = isMathML ? document.createElementNS("http://www.w3.org/1998/Math/MathML", "template") : document.createElement("template");
		t.innerHTML = html;
		return isSVG ? t.content.firstChild.firstChild : isMathML ? t.firstChild : t.content.firstChild;
	};
	const fn = isImportNode ? () => untrack(() => document.importNode(node || (node = create()), true)) : () => (node || (node = create())).cloneNode(true);
	fn.cloneNode = fn;
	return fn;
}
function delegateEvents(eventNames, document = window.document) {
	const e = document[$$EVENTS] || (document[$$EVENTS] = /* @__PURE__ */ new Set());
	for (let i = 0, l = eventNames.length; i < l; i++) {
		const name = eventNames[i];
		if (!e.has(name)) {
			e.add(name);
			document.addEventListener(name, eventHandler);
		}
	}
}
function setAttribute(node, name, value) {
	if (isHydrating(node)) return;
	if (value == null) node.removeAttribute(name);
	else node.setAttribute(name, value);
}
function setStyleProperty(node, name, value) {
	value != null ? node.style.setProperty(name, value) : node.style.removeProperty(name);
}
function insert(parent, accessor, marker, initial) {
	if (marker !== void 0 && !initial) initial = [];
	if (typeof accessor !== "function") return insertExpression(parent, accessor, initial, marker);
	createRenderEffect((current) => insertExpression(parent, accessor(), current, marker), initial);
}
function isHydrating(node) {
	return !!sharedConfig.context && !sharedConfig.done && (!node || node.isConnected);
}
function eventHandler(e) {
	if (sharedConfig.registry && sharedConfig.events) {
		if (sharedConfig.events.find(([el, ev]) => ev === e)) return;
	}
	let node = e.target;
	const key = \`$$\${e.type}\`;
	const oriTarget = e.target;
	const oriCurrentTarget = e.currentTarget;
	const retarget = (value) => Object.defineProperty(e, "target", {
		configurable: true,
		value
	});
	const handleNode = () => {
		const handler = node[key];
		if (handler && !node.disabled) {
			const data = node[\`\${key}Data\`];
			data !== void 0 ? handler.call(node, data, e) : handler.call(node, e);
			if (e.cancelBubble) return;
		}
		node.host && typeof node.host !== "string" && !node.host._$host && node.contains(e.target) && retarget(node.host);
		return true;
	};
	const walkUpTree = () => {
		while (handleNode() && (node = node._$host || node.parentNode || node.host));
	};
	Object.defineProperty(e, "currentTarget", {
		configurable: true,
		get() {
			return node || document;
		}
	});
	if (sharedConfig.registry && !sharedConfig.done) sharedConfig.done = _$HY.done = true;
	if (e.composedPath) {
		const path = e.composedPath();
		retarget(path[0]);
		for (let i = 0; i < path.length - 2; i++) {
			node = path[i];
			if (!handleNode()) break;
			if (node._$host) {
				node = node._$host;
				walkUpTree();
				break;
			}
			if (node.parentNode === oriCurrentTarget) break;
		}
	} else walkUpTree();
	retarget(oriTarget);
}
function insertExpression(parent, value, current, marker, unwrapArray) {
	const hydrating = isHydrating(parent);
	if (hydrating) {
		!current && (current = [...parent.childNodes]);
		let cleaned = [];
		for (let i = 0; i < current.length; i++) {
			const node = current[i];
			if (node.nodeType === 8 && node.data.slice(0, 2) === "!$") node.remove();
			else cleaned.push(node);
		}
		current = cleaned;
	}
	while (typeof current === "function") current = current();
	if (value === current) return current;
	const t = typeof value, multi = marker !== void 0;
	parent = multi && current[0] && current[0].parentNode || parent;
	if (t === "string" || t === "number") {
		if (hydrating) return current;
		if (t === "number") {
			value = value.toString();
			if (value === current) return current;
		}
		if (multi) {
			let node = current[0];
			if (node && node.nodeType === 3) node.data !== value && (node.data = value);
			else node = document.createTextNode(value);
			current = cleanChildren(parent, current, marker, node);
		} else if (current !== "" && typeof current === "string") current = parent.firstChild.data = value;
		else current = parent.textContent = value;
	} else if (value == null || t === "boolean") {
		if (hydrating) return current;
		current = cleanChildren(parent, current, marker);
	} else if (t === "function") {
		createRenderEffect(() => {
			let v = value();
			while (typeof v === "function") v = v();
			current = insertExpression(parent, v, current, marker);
		});
		return () => current;
	} else if (Array.isArray(value)) {
		const array = [];
		const currentArray = current && Array.isArray(current);
		if (normalizeIncomingArray(array, value, current, unwrapArray)) {
			createRenderEffect(() => current = insertExpression(parent, array, current, marker, true));
			return () => current;
		}
		if (hydrating) {
			if (!array.length) return current;
			if (marker === void 0) return current = [...parent.childNodes];
			let node = array[0];
			if (node.parentNode !== parent) return current;
			const nodes = [node];
			while ((node = node.nextSibling) !== marker) nodes.push(node);
			return current = nodes;
		}
		if (array.length === 0) {
			current = cleanChildren(parent, current, marker);
			if (multi) return current;
		} else if (currentArray) {
			if (current.length === 0) appendNodes(parent, array, marker);
			else reconcileArrays(parent, current, array);
		} else {
			current && cleanChildren(parent);
			appendNodes(parent, array);
		}
		current = array;
	} else if (value.nodeType) {
		if (hydrating && value.parentNode) return current = multi ? [value] : value;
		if (Array.isArray(current)) {
			if (multi) return current = cleanChildren(parent, current, marker, value);
			cleanChildren(parent, current, null, value);
		} else if (current == null || current === "" || !parent.firstChild) parent.appendChild(value);
		else parent.replaceChild(value, parent.firstChild);
		current = value;
	}
	return current;
}
function normalizeIncomingArray(normalized, array, current, unwrap) {
	let dynamic = false;
	for (let i = 0, len = array.length; i < len; i++) {
		let item = array[i], prev = current && current[normalized.length], t;
		if (item == null || item === true || item === false);
		else if ((t = typeof item) === "object" && item.nodeType) normalized.push(item);
		else if (Array.isArray(item)) dynamic = normalizeIncomingArray(normalized, item, prev) || dynamic;
		else if (t === "function") {
			if (unwrap) {
				while (typeof item === "function") item = item();
				dynamic = normalizeIncomingArray(normalized, Array.isArray(item) ? item : [item], Array.isArray(prev) ? prev : [prev]) || dynamic;
			} else {
				normalized.push(item);
				dynamic = true;
			}
		} else {
			const value = String(item);
			if (prev && prev.nodeType === 3 && prev.data === value) normalized.push(prev);
			else normalized.push(document.createTextNode(value));
		}
	}
	return dynamic;
}
function appendNodes(parent, array, marker = null) {
	for (let i = 0, len = array.length; i < len; i++) parent.insertBefore(array[i], marker);
}
function cleanChildren(parent, current, marker, replacement) {
	if (marker === void 0) return parent.textContent = "";
	const node = replacement || document.createTextNode("");
	if (current.length) {
		let inserted = false;
		for (let i = current.length - 1; i >= 0; i--) {
			const el = current[i];
			if (node !== el) {
				const isParent = el.parentNode === parent;
				if (!inserted && !i) isParent ? parent.replaceChild(node, el) : parent.insertBefore(node, marker);
				else isParent && el.remove();
			} else inserted = true;
		}
	} else parent.insertBefore(node, marker);
	return [node];
}
var _tmpl$ = /*#__PURE__*/ template(\`<div>Status: \`);
var _tmpl$2 = /*#__PURE__*/ template(\`<div>Pending...\`);
var _tmpl$3 = /*#__PURE__*/ template(\`<div>Loading...\`);
var _tmpl$4 = /*#__PURE__*/ template(\`<div>Success!\`);
var _tmpl$5 = /*#__PURE__*/ template(\`<div>Error!\`);
var _tmpl$6 = /*#__PURE__*/ template(\`<div>Unknown\`);
var _tmpl$7 = /*#__PURE__*/ template(\`<input type=text>\`);
var _tmpl$8 = /*#__PURE__*/ template(\`<ul>\`);
var _tmpl$9 = /*#__PURE__*/ template(\`<li>\`);
var _tmpl$0 = /*#__PURE__*/ template(\`<div>Error: \`);
var _tmpl$1 = /*#__PURE__*/ template(\`<li><span></span><button>Update\`);
var _tmpl$10 = /*#__PURE__*/ template(\`<span>(<!>)\`);
var _tmpl$11 = /*#__PURE__*/ template(\`<span>\`);
var _tmpl$12 = /*#__PURE__*/ template(\`<span>Number: \`);
var Status = /*#__PURE__*/ function(Status) {
	Status[Status["Pending"] = 0] = "Pending";
	Status[Status["Loading"] = 1] = "Loading";
	Status[Status["Success"] = 2] = "Success";
	Status[Status["Error"] = 3] = "Error";
	return Status;
}(Status || {});
var Colors = /*#__PURE__*/ function(Colors) {
	Colors["Red"] = "#FF0000";
	Colors["Green"] = "#00FF00";
	Colors["Blue"] = "#0000FF";
	return Colors;
}(Colors || {});
function TestConstEnum() {
	const status = Status.Loading;
	const color = Colors.Green;
	return (() => {
		var _el$ = _tmpl$();
		_el$.firstChild;
		setAttribute(_el$, "data-status", status);
		setStyleProperty(_el$, "color", color);
		insert(_el$, status, null);
		return _el$;
	})();
}
function TestConstEnumSwitch(status) {
	switch (status) {
		case Status.Pending: return _tmpl$2();
		case Status.Loading: return _tmpl$3();
		case Status.Success: return _tmpl$4();
		case Status.Error: return _tmpl$5();
		default: return _tmpl$6();
	}
}
function GenericInput(props) {
	const [value, setValue] = createSignal(props.value);
	const handleChange = (event) => {
		const newValue = event.target.value;
		setValue(() => newValue);
		props.onChange?.(newValue);
	};
	return (() => {
		var _el$8 = _tmpl$7();
		_el$8.addEventListener("change", handleChange);
		createRenderEffect(() => _el$8.disabled = props.disabled);
		createRenderEffect(() => _el$8.value = value());
		return _el$8;
	})();
}
function MultiGenericList(props) {
	const sortedItems = createMemo(() => {
		return [...props.data].sort((a, b) => {
			const aVal = a[props.sortKey];
			const bVal = b[props.sortKey];
			if (aVal < bVal) return props.direction === "desc" ? 1 : -1;
			if (aVal > bVal) return props.direction === "desc" ? -1 : 1;
			return 0;
		});
	});
	return (() => {
		var _el$9 = _tmpl$8();
		insert(_el$9, createComponent(For, {
			get each() {
				return sortedItems();
			},
			children: (item) => (() => {
				var _el$0 = _tmpl$9();
				insert(_el$0, (() => {
					var _c$ = memo(() => !!props.transform);
					return () => _c$() ? props.transform(item) : String(item[props.sortKey]);
				})());
				return _el$0;
			})()
		}));
		return _el$9;
	})();
}
function ConditionalRenderer(props) {
	return props.render(props.data);
}
function withLoadingState(Component) {
	return (props) => {
		if (props.loading) return _tmpl$3();
		if (props.error) return (() => {
			var _el$10 = _tmpl$0();
			_el$10.firstChild;
			insert(_el$10, () => props.error, null);
			return _el$10;
		})();
		return createComponent(Component, props);
	};
}
function UserList(props) {
	return (() => {
		var _el$12 = _tmpl$8();
		insert(_el$12, createComponent(For, {
			get each() {
				return props.users;
			},
			children: (user) => (() => {
				var _el$13 = _tmpl$1(), _el$14 = _el$13.firstChild, _el$15 = _el$14.nextSibling;
				insert(_el$14, () => user.name);
				insert(_el$13, (() => {
					var _c$2 = memo(() => !!user.email);
					return () => _c$2() && (() => {
						var _el$16 = _tmpl$10(), _el$19 = _el$16.firstChild.nextSibling;
						_el$19.nextSibling;
						insert(_el$16, () => user.email, _el$19);
						return _el$16;
					})();
				})(), _el$15);
				_el$15.$$click = () => props.onUpdate(user.id, { name: user.name + "!" });
				return _el$13;
			})()
		}));
		return _el$12;
	})();
}
createComponent(GenericInput, {
	value: "hello",
	onChange: (v) => console.log(v)
});
createComponent(GenericInput, {
	value: 42,
	onChange: (v) => console.log(v)
});
createComponent(MultiGenericList, {
	data: [{
		id: "1",
		name: "Item 1",
		value: 10
	}],
	sortKey: "name",
	direction: "asc"
});
createComponent(ConditionalRenderer, {
	data: "hello world",
	render: (value) => (() => {
		var _el$20 = _tmpl$11();
		insert(_el$20, () => value.toUpperCase());
		return _el$20;
	})()
});
createComponent(ConditionalRenderer, {
	data: 123,
	render: (value) => (() => {
		var _el$21 = _tmpl$12();
		_el$21.firstChild;
		insert(_el$21, value * 2, null);
		return _el$21;
	})()
});
delegateEvents(["click"]);
export { ConditionalRenderer, GenericInput, MultiGenericList, TestConstEnum, TestConstEnumSwitch, UserList, withLoadingState };
"
`;
