// Bun Snapshot v1, https://bun.sh/docs/test/snapshots

exports[`rolldown-plugin-solid src should transform with typescript declare 1`] = `
"const sharedConfig = {
	context: void 0,
	registry: void 0,
	effects: void 0,
	done: false,
	getContextId() {
		return getContextId(this.context.count);
	},
	getNextContextId() {
		return getContextId(this.context.count++);
	}
};
function getContextId(count) {
	const num = String(count), len = num.length - 1;
	return sharedConfig.context.id + (len ? String.fromCharCode(96 + len) : "") + num;
}
const equalFn = (a, b) => a === b;
const $TRACK = Symbol("solid-track");
const signalOptions = { equals: equalFn };
let runEffects = runQueue;
const STALE = 1;
const PENDING = 2;
const UNOWNED = {
	owned: null,
	cleanups: null,
	context: null,
	owner: null
};
var Owner = null;
let Transition = null;
let Listener = null;
let Updates = null;
let Effects = null;
let ExecCount = 0;
function createRoot(fn, detachedOwner) {
	const listener = Listener, owner = Owner, unowned = fn.length === 0, current = detachedOwner === void 0 ? owner : detachedOwner, root = unowned ? UNOWNED : {
		owned: null,
		cleanups: null,
		context: current ? current.context : null,
		owner: current
	}, updateFn = unowned ? fn : () => fn(() => untrack(() => cleanNode(root)));
	Owner = root;
	Listener = null;
	try {
		return runUpdates(updateFn, true);
	} finally {
		Listener = listener;
		Owner = owner;
	}
}
function createSignal(value, options) {
	options = options ? Object.assign({}, signalOptions, options) : signalOptions;
	const s = {
		value,
		observers: null,
		observerSlots: null,
		comparator: options.equals || void 0
	};
	const setter = (value) => {
		if (typeof value === "function") {
			if (Transition && Transition.running && Transition.sources.has(s)) value = value(s.tValue);
			else value = value(s.value);
		}
		return writeSignal(s, value);
	};
	return [readSignal.bind(s), setter];
}
function createRenderEffect(fn, value, options) {
	updateComputation(createComputation(fn, value, false, STALE));
}
function createMemo(fn, value, options) {
	options = options ? Object.assign({}, signalOptions, options) : signalOptions;
	const c = createComputation(fn, value, true, 0);
	c.observers = null;
	c.observerSlots = null;
	c.comparator = options.equals || void 0;
	updateComputation(c);
	return readSignal.bind(c);
}
function untrack(fn) {
	if (Listener === null) return fn();
	const listener = Listener;
	Listener = null;
	try {
		return fn();
	} finally {
		Listener = listener;
	}
}
function onCleanup(fn) {
	if (Owner === null);
	else if (Owner.cleanups === null) Owner.cleanups = [fn];
	else Owner.cleanups.push(fn);
	return fn;
}
const [transPending, setTransPending] = /*@__PURE__*/ createSignal(false);
function readSignal() {
	const runningTransition = Transition && Transition.running;
	if (this.sources && (runningTransition ? this.tState : this.state)) {
		if ((runningTransition ? this.tState : this.state) === STALE) updateComputation(this);
		else {
			const updates = Updates;
			Updates = null;
			runUpdates(() => lookUpstream(this), false);
			Updates = updates;
		}
	}
	if (Listener) {
		const observers = this.observers;
		if (!observers || observers[observers.length - 1] !== Listener) {
			const sSlot = observers ? observers.length : 0;
			if (!Listener.sources) {
				Listener.sources = [this];
				Listener.sourceSlots = [sSlot];
			} else {
				Listener.sources.push(this);
				Listener.sourceSlots.push(sSlot);
			}
			if (!observers) {
				this.observers = [Listener];
				this.observerSlots = [Listener.sources.length - 1];
			} else {
				observers.push(Listener);
				this.observerSlots.push(Listener.sources.length - 1);
			}
		}
	}
	if (runningTransition && Transition.sources.has(this)) return this.tValue;
	return this.value;
}
function writeSignal(node, value, isComp) {
	let current = Transition && Transition.running && Transition.sources.has(node) ? node.tValue : node.value;
	if (!node.comparator || !node.comparator(current, value)) {
		if (Transition) {
			const TransitionRunning = Transition.running;
			if (TransitionRunning || !isComp && Transition.sources.has(node)) {
				Transition.sources.add(node);
				node.tValue = value;
			}
			if (!TransitionRunning) node.value = value;
		} else node.value = value;
		if (node.observers && node.observers.length) runUpdates(() => {
			for (let i = 0; i < node.observers.length; i += 1) {
				const o = node.observers[i];
				const TransitionRunning = Transition && Transition.running;
				if (TransitionRunning && Transition.disposed.has(o)) continue;
				if (TransitionRunning ? !o.tState : !o.state) {
					if (o.pure) Updates.push(o);
					else Effects.push(o);
					if (o.observers) markDownstream(o);
				}
				if (!TransitionRunning) o.state = STALE;
				else o.tState = STALE;
			}
			if (Updates.length > 1e6) {
				Updates = [];
				throw new Error();
			}
		}, false);
	}
	return value;
}
function updateComputation(node) {
	if (!node.fn) return;
	cleanNode(node);
	const time = ExecCount;
	runComputation(node, Transition && Transition.running && Transition.sources.has(node) ? node.tValue : node.value, time);
	if (Transition && !Transition.running && Transition.sources.has(node)) queueMicrotask(() => {
		runUpdates(() => {
			Transition && (Transition.running = true);
			Listener = Owner = node;
			runComputation(node, node.tValue, time);
			Listener = Owner = null;
		}, false);
	});
}
function runComputation(node, value, time) {
	let nextValue;
	const owner = Owner, listener = Listener;
	Listener = Owner = node;
	try {
		nextValue = node.fn(value);
	} catch (err) {
		if (node.pure) {
			if (Transition && Transition.running) {
				node.tState = STALE;
				node.tOwned && node.tOwned.forEach(cleanNode);
				node.tOwned = void 0;
			} else {
				node.state = STALE;
				node.owned && node.owned.forEach(cleanNode);
				node.owned = null;
			}
		}
		node.updatedAt = time + 1;
		return handleError(err);
	} finally {
		Listener = listener;
		Owner = owner;
	}
	if (!node.updatedAt || node.updatedAt <= time) {
		if (node.updatedAt != null && "observers" in node) writeSignal(node, nextValue, true);
		else if (Transition && Transition.running && node.pure) {
			if (!Transition.sources.has(node)) node.value = nextValue;
			Transition.sources.add(node);
			node.tValue = nextValue;
		} else node.value = nextValue;
		node.updatedAt = time;
	}
}
function createComputation(fn, init, pure, state = STALE, options) {
	const c = {
		fn,
		state,
		updatedAt: null,
		owned: null,
		sources: null,
		sourceSlots: null,
		cleanups: null,
		value: init,
		owner: Owner,
		context: Owner ? Owner.context : null,
		pure
	};
	if (Transition && Transition.running) {
		c.state = 0;
		c.tState = state;
	}
	if (Owner === null);
	else if (Owner !== UNOWNED) {
		if (Transition && Transition.running && Owner.pure) {
			if (!Owner.tOwned) Owner.tOwned = [c];
			else Owner.tOwned.push(c);
		} else if (!Owner.owned) Owner.owned = [c];
		else Owner.owned.push(c);
	}
	return c;
}
function runTop(node) {
	const runningTransition = Transition && Transition.running;
	if ((runningTransition ? node.tState : node.state) === 0) return;
	if ((runningTransition ? node.tState : node.state) === PENDING) return lookUpstream(node);
	if (node.suspense && untrack(node.suspense.inFallback)) return node.suspense.effects.push(node);
	const ancestors = [node];
	while ((node = node.owner) && (!node.updatedAt || node.updatedAt < ExecCount)) {
		if (runningTransition && Transition.disposed.has(node)) return;
		if (runningTransition ? node.tState : node.state) ancestors.push(node);
	}
	for (let i = ancestors.length - 1; i >= 0; i--) {
		node = ancestors[i];
		if (runningTransition) {
			let top = node, prev = ancestors[i + 1];
			while ((top = top.owner) && top !== prev) if (Transition.disposed.has(top)) return;
		}
		if ((runningTransition ? node.tState : node.state) === STALE) updateComputation(node);
		else if ((runningTransition ? node.tState : node.state) === PENDING) {
			const updates = Updates;
			Updates = null;
			runUpdates(() => lookUpstream(node, ancestors[0]), false);
			Updates = updates;
		}
	}
}
function runUpdates(fn, init) {
	if (Updates) return fn();
	let wait = false;
	if (!init) Updates = [];
	if (Effects) wait = true;
	else Effects = [];
	ExecCount++;
	try {
		const res = fn();
		completeUpdates(wait);
		return res;
	} catch (err) {
		if (!wait) Effects = null;
		Updates = null;
		handleError(err);
	}
}
function completeUpdates(wait) {
	if (Updates) {
		runQueue(Updates);
		Updates = null;
	}
	if (wait) return;
	let res;
	if (Transition) {
		if (!Transition.promises.size && !Transition.queue.size) {
			const sources = Transition.sources;
			const disposed = Transition.disposed;
			Effects.push.apply(Effects, Transition.effects);
			res = Transition.resolve;
			for (const e of Effects) {
				"tState" in e && (e.state = e.tState);
				delete e.tState;
			}
			Transition = null;
			runUpdates(() => {
				for (const d of disposed) cleanNode(d);
				for (const v of sources) {
					v.value = v.tValue;
					if (v.owned) for (let i = 0, len = v.owned.length; i < len; i++) cleanNode(v.owned[i]);
					if (v.tOwned) v.owned = v.tOwned;
					delete v.tValue;
					delete v.tOwned;
					v.tState = 0;
				}
				setTransPending(false);
			}, false);
		} else if (Transition.running) {
			Transition.running = false;
			Transition.effects.push.apply(Transition.effects, Effects);
			Effects = null;
			setTransPending(true);
			return;
		}
	}
	const e = Effects;
	Effects = null;
	if (e.length) runUpdates(() => runEffects(e), false);
	if (res) res();
}
function runQueue(queue) {
	for (let i = 0; i < queue.length; i++) runTop(queue[i]);
}
function lookUpstream(node, ignore) {
	const runningTransition = Transition && Transition.running;
	if (runningTransition) node.tState = 0;
	else node.state = 0;
	for (let i = 0; i < node.sources.length; i += 1) {
		const source = node.sources[i];
		if (source.sources) {
			const state = runningTransition ? source.tState : source.state;
			if (state === STALE) {
				if (source !== ignore && (!source.updatedAt || source.updatedAt < ExecCount)) runTop(source);
			} else if (state === PENDING) lookUpstream(source, ignore);
		}
	}
}
function markDownstream(node) {
	const runningTransition = Transition && Transition.running;
	for (let i = 0; i < node.observers.length; i += 1) {
		const o = node.observers[i];
		if (runningTransition ? !o.tState : !o.state) {
			if (runningTransition) o.tState = PENDING;
			else o.state = PENDING;
			if (o.pure) Updates.push(o);
			else Effects.push(o);
			o.observers && markDownstream(o);
		}
	}
}
function cleanNode(node) {
	let i;
	if (node.sources) while (node.sources.length) {
		const source = node.sources.pop(), index = node.sourceSlots.pop(), obs = source.observers;
		if (obs && obs.length) {
			const n = obs.pop(), s = source.observerSlots.pop();
			if (index < obs.length) {
				n.sourceSlots[s] = index;
				obs[index] = n;
				source.observerSlots[index] = s;
			}
		}
	}
	if (node.tOwned) {
		for (i = node.tOwned.length - 1; i >= 0; i--) cleanNode(node.tOwned[i]);
		delete node.tOwned;
	}
	if (Transition && Transition.running && node.pure) reset(node, true);
	else if (node.owned) {
		for (i = node.owned.length - 1; i >= 0; i--) cleanNode(node.owned[i]);
		node.owned = null;
	}
	if (node.cleanups) {
		for (i = node.cleanups.length - 1; i >= 0; i--) node.cleanups[i]();
		node.cleanups = null;
	}
	if (Transition && Transition.running) node.tState = 0;
	else node.state = 0;
}
function reset(node, top) {
	if (!top) {
		node.tState = 0;
		Transition.disposed.add(node);
	}
	if (node.owned) for (let i = 0; i < node.owned.length; i++) reset(node.owned[i]);
}
function castError(err) {
	if (err instanceof Error) return err;
	return new Error(typeof err === "string" ? err : "Unknown error", { cause: err });
}
function handleError(err, owner = Owner) {
	throw castError(err);
}
const FALLBACK = Symbol("fallback");
function dispose(d) {
	for (let i = 0; i < d.length; i++) d[i]();
}
function mapArray(list, mapFn, options = {}) {
	let items = [], mapped = [], disposers = [], len = 0, indexes = mapFn.length > 1 ? [] : null;
	onCleanup(() => dispose(disposers));
	return () => {
		let newItems = list() || [], newLen = newItems.length, i, j;
		newItems[$TRACK];
		return untrack(() => {
			let newIndices, newIndicesNext, temp, tempdisposers, tempIndexes, start, end, newEnd, item;
			if (newLen === 0) {
				if (len !== 0) {
					dispose(disposers);
					disposers = [];
					items = [];
					mapped = [];
					len = 0;
					indexes && (indexes = []);
				}
				if (options.fallback) {
					items = [FALLBACK];
					mapped[0] = createRoot((disposer) => {
						disposers[0] = disposer;
						return options.fallback();
					});
					len = 1;
				}
			} else if (len === 0) {
				mapped = new Array(newLen);
				for (j = 0; j < newLen; j++) {
					items[j] = newItems[j];
					mapped[j] = createRoot(mapper);
				}
				len = newLen;
			} else {
				temp = new Array(newLen);
				tempdisposers = new Array(newLen);
				indexes && (tempIndexes = new Array(newLen));
				for (start = 0, end = Math.min(len, newLen); start < end && items[start] === newItems[start]; start++);
				for (end = len - 1, newEnd = newLen - 1; end >= start && newEnd >= start && items[end] === newItems[newEnd]; end--, newEnd--) {
					temp[newEnd] = mapped[end];
					tempdisposers[newEnd] = disposers[end];
					indexes && (tempIndexes[newEnd] = indexes[end]);
				}
				newIndices = /* @__PURE__ */ new Map();
				newIndicesNext = new Array(newEnd + 1);
				for (j = newEnd; j >= start; j--) {
					item = newItems[j];
					i = newIndices.get(item);
					newIndicesNext[j] = i === void 0 ? -1 : i;
					newIndices.set(item, j);
				}
				for (i = start; i <= end; i++) {
					item = items[i];
					j = newIndices.get(item);
					if (j !== void 0 && j !== -1) {
						temp[j] = mapped[i];
						tempdisposers[j] = disposers[i];
						indexes && (tempIndexes[j] = indexes[i]);
						j = newIndicesNext[j];
						newIndices.set(item, j);
					} else disposers[i]();
				}
				for (j = start; j < newLen; j++) if (j in temp) {
					mapped[j] = temp[j];
					disposers[j] = tempdisposers[j];
					if (indexes) {
						indexes[j] = tempIndexes[j];
						indexes[j](j);
					}
				} else mapped[j] = createRoot(mapper);
				mapped = mapped.slice(0, len = newLen);
				items = newItems.slice(0);
			}
			return mapped;
		});
		function mapper(disposer) {
			disposers[j] = disposer;
			if (indexes) {
				const [s, set] = createSignal(j);
				indexes[j] = set;
				return mapFn(newItems[j], s);
			}
			return mapFn(newItems[j]);
		}
	};
}
function createComponent(Comp, props) {
	return untrack(() => Comp(props || {}));
}
function For(props) {
	const fallback = "fallback" in props && { fallback: () => props.fallback };
	return createMemo(mapArray(() => props.each, props.children, fallback || void 0));
}
function reconcileArrays(parentNode, a, b) {
	let bLength = b.length, aEnd = a.length, bEnd = bLength, aStart = 0, bStart = 0, after = a[aEnd - 1].nextSibling, map = null;
	while (aStart < aEnd || bStart < bEnd) {
		if (a[aStart] === b[bStart]) {
			aStart++;
			bStart++;
			continue;
		}
		while (a[aEnd - 1] === b[bEnd - 1]) {
			aEnd--;
			bEnd--;
		}
		if (aEnd === aStart) {
			const node = bEnd < bLength ? bStart ? b[bStart - 1].nextSibling : b[bEnd - bStart] : after;
			while (bStart < bEnd) parentNode.insertBefore(b[bStart++], node);
		} else if (bEnd === bStart) while (aStart < aEnd) {
			if (!map || !map.has(a[aStart])) a[aStart].remove();
			aStart++;
		}
		else if (a[aStart] === b[bEnd - 1] && b[bStart] === a[aEnd - 1]) {
			const node = a[--aEnd].nextSibling;
			parentNode.insertBefore(b[bStart++], a[aStart++].nextSibling);
			parentNode.insertBefore(b[--bEnd], node);
			a[aEnd] = b[bEnd];
		} else {
			if (!map) {
				map = /* @__PURE__ */ new Map();
				let i = bStart;
				while (i < bEnd) map.set(b[i], i++);
			}
			const index = map.get(a[aStart]);
			if (index != null) {
				if (bStart < index && index < bEnd) {
					let i = aStart, sequence = 1, t;
					while (++i < aEnd && i < bEnd) {
						if ((t = map.get(a[i])) == null || t !== index + sequence) break;
						sequence++;
					}
					if (sequence > index - bStart) {
						const node = a[aStart];
						while (bStart < index) parentNode.insertBefore(b[bStart++], node);
					} else parentNode.replaceChild(b[bStart++], a[aStart++]);
				} else aStart++;
			} else a[aStart++].remove();
		}
	}
}
const $$EVENTS = "_$DX_DELEGATE";
function template(html, isImportNode, isSVG, isMathML) {
	let node;
	const create = () => {
		const t = isMathML ? document.createElementNS("http://www.w3.org/1998/Math/MathML", "template") : document.createElement("template");
		t.innerHTML = html;
		return isSVG ? t.content.firstChild.firstChild : isMathML ? t.firstChild : t.content.firstChild;
	};
	const fn = isImportNode ? () => untrack(() => document.importNode(node || (node = create()), true)) : () => (node || (node = create())).cloneNode(true);
	fn.cloneNode = fn;
	return fn;
}
function delegateEvents(eventNames, document = window.document) {
	const e = document[$$EVENTS] || (document[$$EVENTS] = /* @__PURE__ */ new Set());
	for (let i = 0, l = eventNames.length; i < l; i++) {
		const name = eventNames[i];
		if (!e.has(name)) {
			e.add(name);
			document.addEventListener(name, eventHandler);
		}
	}
}
function setStyleProperty(node, name, value) {
	value != null ? node.style.setProperty(name, value) : node.style.removeProperty(name);
}
function insert(parent, accessor, marker, initial) {
	if (marker !== void 0 && !initial) initial = [];
	if (typeof accessor !== "function") return insertExpression(parent, accessor, initial, marker);
	createRenderEffect((current) => insertExpression(parent, accessor(), current, marker), initial);
}
function isHydrating(node) {
	return !!sharedConfig.context && !sharedConfig.done && (!node || node.isConnected);
}
function eventHandler(e) {
	if (sharedConfig.registry && sharedConfig.events) {
		if (sharedConfig.events.find(([el, ev]) => ev === e)) return;
	}
	let node = e.target;
	const key = \`$$\${e.type}\`;
	const oriTarget = e.target;
	const oriCurrentTarget = e.currentTarget;
	const retarget = (value) => Object.defineProperty(e, "target", {
		configurable: true,
		value
	});
	const handleNode = () => {
		const handler = node[key];
		if (handler && !node.disabled) {
			const data = node[\`\${key}Data\`];
			data !== void 0 ? handler.call(node, data, e) : handler.call(node, e);
			if (e.cancelBubble) return;
		}
		node.host && typeof node.host !== "string" && !node.host._$host && node.contains(e.target) && retarget(node.host);
		return true;
	};
	const walkUpTree = () => {
		while (handleNode() && (node = node._$host || node.parentNode || node.host));
	};
	Object.defineProperty(e, "currentTarget", {
		configurable: true,
		get() {
			return node || document;
		}
	});
	if (sharedConfig.registry && !sharedConfig.done) sharedConfig.done = _$HY.done = true;
	if (e.composedPath) {
		const path = e.composedPath();
		retarget(path[0]);
		for (let i = 0; i < path.length - 2; i++) {
			node = path[i];
			if (!handleNode()) break;
			if (node._$host) {
				node = node._$host;
				walkUpTree();
				break;
			}
			if (node.parentNode === oriCurrentTarget) break;
		}
	} else walkUpTree();
	retarget(oriTarget);
}
function insertExpression(parent, value, current, marker, unwrapArray) {
	const hydrating = isHydrating(parent);
	if (hydrating) {
		!current && (current = [...parent.childNodes]);
		let cleaned = [];
		for (let i = 0; i < current.length; i++) {
			const node = current[i];
			if (node.nodeType === 8 && node.data.slice(0, 2) === "!$") node.remove();
			else cleaned.push(node);
		}
		current = cleaned;
	}
	while (typeof current === "function") current = current();
	if (value === current) return current;
	const t = typeof value, multi = marker !== void 0;
	parent = multi && current[0] && current[0].parentNode || parent;
	if (t === "string" || t === "number") {
		if (hydrating) return current;
		if (t === "number") {
			value = value.toString();
			if (value === current) return current;
		}
		if (multi) {
			let node = current[0];
			if (node && node.nodeType === 3) node.data !== value && (node.data = value);
			else node = document.createTextNode(value);
			current = cleanChildren(parent, current, marker, node);
		} else if (current !== "" && typeof current === "string") current = parent.firstChild.data = value;
		else current = parent.textContent = value;
	} else if (value == null || t === "boolean") {
		if (hydrating) return current;
		current = cleanChildren(parent, current, marker);
	} else if (t === "function") {
		createRenderEffect(() => {
			let v = value();
			while (typeof v === "function") v = v();
			current = insertExpression(parent, v, current, marker);
		});
		return () => current;
	} else if (Array.isArray(value)) {
		const array = [];
		const currentArray = current && Array.isArray(current);
		if (normalizeIncomingArray(array, value, current, unwrapArray)) {
			createRenderEffect(() => current = insertExpression(parent, array, current, marker, true));
			return () => current;
		}
		if (hydrating) {
			if (!array.length) return current;
			if (marker === void 0) return current = [...parent.childNodes];
			let node = array[0];
			if (node.parentNode !== parent) return current;
			const nodes = [node];
			while ((node = node.nextSibling) !== marker) nodes.push(node);
			return current = nodes;
		}
		if (array.length === 0) {
			current = cleanChildren(parent, current, marker);
			if (multi) return current;
		} else if (currentArray) {
			if (current.length === 0) appendNodes(parent, array, marker);
			else reconcileArrays(parent, current, array);
		} else {
			current && cleanChildren(parent);
			appendNodes(parent, array);
		}
		current = array;
	} else if (value.nodeType) {
		if (hydrating && value.parentNode) return current = multi ? [value] : value;
		if (Array.isArray(current)) {
			if (multi) return current = cleanChildren(parent, current, marker, value);
			cleanChildren(parent, current, null, value);
		} else if (current == null || current === "" || !parent.firstChild) parent.appendChild(value);
		else parent.replaceChild(value, parent.firstChild);
		current = value;
	}
	return current;
}
function normalizeIncomingArray(normalized, array, current, unwrap) {
	let dynamic = false;
	for (let i = 0, len = array.length; i < len; i++) {
		let item = array[i], prev = current && current[normalized.length], t;
		if (item == null || item === true || item === false);
		else if ((t = typeof item) === "object" && item.nodeType) normalized.push(item);
		else if (Array.isArray(item)) dynamic = normalizeIncomingArray(normalized, item, prev) || dynamic;
		else if (t === "function") {
			if (unwrap) {
				while (typeof item === "function") item = item();
				dynamic = normalizeIncomingArray(normalized, Array.isArray(item) ? item : [item], Array.isArray(prev) ? prev : [prev]) || dynamic;
			} else {
				normalized.push(item);
				dynamic = true;
			}
		} else {
			const value = String(item);
			if (prev && prev.nodeType === 3 && prev.data === value) normalized.push(prev);
			else normalized.push(document.createTextNode(value));
		}
	}
	return dynamic;
}
function appendNodes(parent, array, marker = null) {
	for (let i = 0, len = array.length; i < len; i++) parent.insertBefore(array[i], marker);
}
function cleanChildren(parent, current, marker, replacement) {
	if (marker === void 0) return parent.textContent = "";
	const node = replacement || document.createTextNode("");
	if (current.length) {
		let inserted = false;
		for (let i = current.length - 1; i >= 0; i--) {
			const el = current[i];
			if (node !== el) {
				const isParent = el.parentNode === parent;
				if (!inserted && !i) isParent ? parent.replaceChild(node, el) : parent.insertBefore(node, marker);
				else isParent && el.remove();
			} else inserted = true;
		}
	} else parent.insertBefore(node, marker);
	return [node];
}
var _tmpl$ = /*#__PURE__*/ template(\`<div><h3>Const Enum Usage</h3><div>Direction: <!> (<!>)</div><div>Status: </div><div>Priority: </div><div><button>Up</button><button>Down</button><button>Left</button><button>Right</button></div><div><button>Pending</button><button>Loading</button><button>Success</button><button>Error\`);
var _tmpl$2 = /*#__PURE__*/ template(\`<div><h3>Regular Enum Usage</h3><div>Selected Color: <!> = </div><div>Size: <button>Small</button><button>Medium</button><button>Large</button></div><div>Log Level: <!> (<!>)<button>Debug</button><button>Info</button><button>Warn</button><button>Error\`);
var _tmpl$3 = /*#__PURE__*/ template(\`<div><h3>Mixed Enum Usage</h3><ul>\`);
var _tmpl$4 = /*#__PURE__*/ template(\`<li> <!>(Priority: <!>, Status: <!>)\`);
var _tmpl$5 = /*#__PURE__*/ template(\`<div><h3>Enum Mapping</h3><div>Const Direction <!> = </div><div>Regular Color <!> = \`);
var _tmpl$6 = /*#__PURE__*/ template(\`<div><h3>Complex Enum Flags</h3><div>Current: <!> (Binary: <!>)</div><div></div><button>Select All</button><button>Clear All\`);
var _tmpl$7 = /*#__PURE__*/ template(\`<label style=margin-right:1rem><input type=checkbox>Flag\`);
var Direction = /*#__PURE__*/ function(Direction) {
	Direction[Direction["Up"] = 0] = "Up";
	Direction[Direction["Down"] = 1] = "Down";
	Direction[Direction["Left"] = 2] = "Left";
	Direction[Direction["Right"] = 3] = "Right";
	return Direction;
}(Direction || {});
var Status = /*#__PURE__*/ function(Status) {
	Status["Pending"] = "pending";
	Status["Loading"] = "loading";
	Status["Success"] = "success";
	Status["Error"] = "error";
	return Status;
}(Status || {});
var Priority = /*#__PURE__*/ function(Priority) {
	Priority[Priority["Low"] = 1] = "Low";
	Priority[Priority["Medium"] = 2] = "Medium";
	Priority[Priority["High"] = 3] = "High";
	Priority[Priority["Critical"] = 4] = "Critical";
	return Priority;
}(Priority || {});
var Color = /*#__PURE__*/ function(Color) {
	Color["Red"] = "#FF0000";
	Color["Green"] = "#00FF00";
	Color["Blue"] = "#0000FF";
	return Color;
}(Color || {});
var Size = /*#__PURE__*/ function(Size) {
	Size["Small"] = "small";
	Size["Medium"] = "medium";
	Size["Large"] = "large";
	return Size;
}(Size || {});
var LogLevel = /*#__PURE__*/ function(LogLevel) {
	LogLevel[LogLevel["Debug"] = 0] = "Debug";
	LogLevel[LogLevel["Info"] = 1] = "Info";
	LogLevel[LogLevel["Warn"] = 2] = "Warn";
	LogLevel[LogLevel["Error"] = 3] = "Error";
	return LogLevel;
}(LogLevel || {});
function ConstEnumComponent() {
	const [direction, setDirection] = createSignal(Direction.Up);
	const [status, setStatus] = createSignal(Status.Pending);
	const [priority] = createSignal(Priority.Medium);
	const directionText = createMemo(() => {
		switch (direction()) {
			case Direction.Up: return "↑";
			case Direction.Down: return "↓";
			case Direction.Left: return "←";
			case Direction.Right: return "→";
			default: return "?";
		}
	});
	const statusColor = createMemo(() => {
		switch (status()) {
			case Status.Pending: return "gray";
			case Status.Loading: return "blue";
			case Status.Success: return "green";
			case Status.Error: return "red";
			default: return "black";
		}
	});
	const priorityLabel = createMemo(() => {
		switch (priority()) {
			case Priority.Low: return "Low";
			case Priority.Medium: return "Medium";
			case Priority.High: return "High";
			case Priority.Critical: return "Critical";
			default: return "Unknown";
		}
	});
	return (() => {
		var _el$ = _tmpl$(), _el$3 = _el$.firstChild.nextSibling, _el$7 = _el$3.firstChild.nextSibling, _el$8 = _el$7.nextSibling.nextSibling;
		_el$8.nextSibling;
		var _el$9 = _el$3.nextSibling;
		_el$9.firstChild;
		var _el$1 = _el$9.nextSibling;
		_el$1.firstChild;
		var _el$11 = _el$1.nextSibling, _el$12 = _el$11.firstChild, _el$13 = _el$12.nextSibling, _el$14 = _el$13.nextSibling, _el$15 = _el$14.nextSibling, _el$17 = _el$11.nextSibling.firstChild, _el$18 = _el$17.nextSibling, _el$19 = _el$18.nextSibling, _el$20 = _el$19.nextSibling;
		insert(_el$3, directionText, _el$7);
		insert(_el$3, direction, _el$8);
		insert(_el$9, status, null);
		insert(_el$1, priorityLabel, null);
		_el$12.$$click = () => setDirection(Direction.Up);
		_el$13.$$click = () => setDirection(Direction.Down);
		_el$14.$$click = () => setDirection(Direction.Left);
		_el$15.$$click = () => setDirection(Direction.Right);
		_el$17.$$click = () => setStatus(Status.Pending);
		_el$18.$$click = () => setStatus(Status.Loading);
		_el$19.$$click = () => setStatus(Status.Success);
		_el$20.$$click = () => setStatus(Status.Error);
		createRenderEffect((_$p) => setStyleProperty(_el$9, "color", statusColor()));
		return _el$;
	})();
}
function RegularEnumComponent() {
	const [selectedColor] = createSignal(Color.Red);
	const [selectedSize, setSize] = createSignal(Size.Medium);
	const [logLevel, setLogLevel] = createSignal(LogLevel.Info);
	return (() => {
		var _el$21 = _tmpl$2(), _el$23 = _el$21.firstChild.nextSibling, _el$26 = _el$23.firstChild.nextSibling;
		_el$26.nextSibling;
		var _el$27 = _el$23.nextSibling, _el$29 = _el$27.firstChild.nextSibling, _el$30 = _el$29.nextSibling, _el$31 = _el$30.nextSibling, _el$32 = _el$27.nextSibling, _el$40 = _el$32.firstChild.nextSibling, _el$41 = _el$40.nextSibling.nextSibling, _el$36 = _el$41.nextSibling.nextSibling, _el$37 = _el$36.nextSibling, _el$38 = _el$37.nextSibling, _el$39 = _el$38.nextSibling;
		insert(_el$23, () => Color[selectedColor()], _el$26);
		insert(_el$23, selectedColor, null);
		insert(_el$27, selectedSize, _el$29);
		_el$29.$$click = () => setSize(Size.Small);
		_el$30.$$click = () => setSize(Size.Medium);
		_el$31.$$click = () => setSize(Size.Large);
		insert(_el$32, () => LogLevel[logLevel()], _el$40);
		insert(_el$32, logLevel, _el$41);
		_el$36.$$click = () => setLogLevel(LogLevel.Debug);
		_el$37.$$click = () => setLogLevel(LogLevel.Info);
		_el$38.$$click = () => setLogLevel(LogLevel.Warn);
		_el$39.$$click = () => setLogLevel(LogLevel.Error);
		createRenderEffect((_$p) => setStyleProperty(_el$23, "color", selectedColor()));
		return _el$21;
	})();
}
function MixedEnumComponent() {
	const tasks = [
		{
			id: 1,
			text: "Task 1",
			priority: Priority.High,
			status: Status.Pending
		},
		{
			id: 2,
			text: "Task 2",
			priority: Priority.Low,
			status: Status.Success
		},
		{
			id: 3,
			text: "Task 3",
			priority: Priority.Critical,
			status: Status.Error
		},
		{
			id: 4,
			text: "Task 4",
			priority: Priority.Medium,
			status: Status.Loading
		}
	];
	const getPriorityColor = (priority) => {
		switch (priority) {
			case Priority.Low: return "green";
			case Priority.Medium: return "orange";
			case Priority.High: return "red";
			case Priority.Critical: return "darkred";
			default: return "black";
		}
	};
	const getStatusIcon = (status) => {
		switch (status) {
			case Status.Pending: return "⏳";
			case Status.Loading: return "🔄";
			case Status.Success: return "✅";
			case Status.Error: return "❌";
			default: return "❓";
		}
	};
	return (() => {
		var _el$42 = _tmpl$3(), _el$44 = _el$42.firstChild.nextSibling;
		insert(_el$44, createComponent(For, {
			each: tasks,
			children: (task) => (() => {
				var _el$45 = _tmpl$4(), _el$46 = _el$45.firstChild, _el$50 = _el$46.nextSibling, _el$51 = _el$50.nextSibling.nextSibling, _el$52 = _el$51.nextSibling.nextSibling;
				_el$52.nextSibling;
				insert(_el$45, () => getStatusIcon(task.status), _el$46);
				insert(_el$45, () => task.text, _el$50);
				insert(_el$45, () => task.priority, _el$51);
				insert(_el$45, () => task.status, _el$52);
				createRenderEffect((_$p) => setStyleProperty(_el$45, "color", getPriorityColor(task.priority)));
				return _el$45;
			})()
		}));
		return _el$42;
	})();
}
function EnumMappingComponent() {
	const directionNames = {
		[Direction.Up]: "Up",
		[Direction.Down]: "Down",
		[Direction.Left]: "Left",
		[Direction.Right]: "Right"
	};
	const colorNames = {
		[Color.Red]: "Red",
		[Color.Green]: "Green",
		[Color.Blue]: "Blue"
	};
	return (() => {
		var _el$53 = _tmpl$5(), _el$55 = _el$53.firstChild.nextSibling, _el$58 = _el$55.firstChild.nextSibling;
		_el$58.nextSibling;
		var _el$59 = _el$55.nextSibling, _el$62 = _el$59.firstChild.nextSibling;
		_el$62.nextSibling;
		insert(_el$55, () => Direction.Up, _el$58);
		insert(_el$55, () => directionNames[Direction.Up], null);
		insert(_el$59, () => Color.Red, _el$62);
		insert(_el$59, () => colorNames[Color.Red], null);
		return _el$53;
	})();
}
var ComplexEnum = /*#__PURE__*/ function(ComplexEnum) {
	ComplexEnum[ComplexEnum["None"] = 0] = "None";
	ComplexEnum[ComplexEnum["Flag1"] = 1] = "Flag1";
	ComplexEnum[ComplexEnum["Flag2"] = 2] = "Flag2";
	ComplexEnum[ComplexEnum["Flag3"] = 4] = "Flag3";
	ComplexEnum[ComplexEnum["All"] = 7] = "All";
	return ComplexEnum;
}(ComplexEnum || {});
function ComplexEnumComponent() {
	const [flags, setFlags] = createSignal(ComplexEnum.None);
	const hasFlag = (flag) => (flags() & flag) === flag;
	const toggleFlag = (flag) => {
		setFlags((current) => current ^ flag);
	};
	const allFlags = [
		ComplexEnum.Flag1,
		ComplexEnum.Flag2,
		ComplexEnum.Flag3
	];
	return (() => {
		var _el$63 = _tmpl$6(), _el$65 = _el$63.firstChild.nextSibling, _el$69 = _el$65.firstChild.nextSibling, _el$70 = _el$69.nextSibling.nextSibling;
		_el$70.nextSibling;
		var _el$71 = _el$65.nextSibling, _el$72 = _el$71.nextSibling, _el$73 = _el$72.nextSibling;
		insert(_el$65, flags, _el$69);
		insert(_el$65, () => flags().toString(2), _el$70);
		insert(_el$71, () => allFlags.map((flag) => (() => {
			var _el$74 = _tmpl$7(), _el$75 = _el$74.firstChild;
			_el$75.nextSibling;
			_el$75.addEventListener("change", () => toggleFlag(flag));
			insert(_el$74, flag, null);
			createRenderEffect(() => _el$75.checked = hasFlag(flag));
			return _el$74;
		})()));
		_el$72.$$click = () => setFlags(ComplexEnum.All);
		_el$73.$$click = () => setFlags(ComplexEnum.None);
		return _el$63;
	})();
}
delegateEvents(["click"]);
export { Color, ComplexEnum, ComplexEnumComponent, ConstEnumComponent, Direction, EnumMappingComponent, LogLevel, MixedEnumComponent, Priority, RegularEnumComponent, Size, Status };
"
`;

exports[`rolldown-plugin-solid dist should transform with typescript declare 1`] = `
"const sharedConfig = {
	context: void 0,
	registry: void 0,
	effects: void 0,
	done: false,
	getContextId() {
		return getContextId(this.context.count);
	},
	getNextContextId() {
		return getContextId(this.context.count++);
	}
};
function getContextId(count) {
	const num = String(count), len = num.length - 1;
	return sharedConfig.context.id + (len ? String.fromCharCode(96 + len) : "") + num;
}
const equalFn = (a, b) => a === b;
const $TRACK = Symbol("solid-track");
const signalOptions = { equals: equalFn };
let runEffects = runQueue;
const STALE = 1;
const PENDING = 2;
const UNOWNED = {
	owned: null,
	cleanups: null,
	context: null,
	owner: null
};
var Owner = null;
let Transition = null;
let Listener = null;
let Updates = null;
let Effects = null;
let ExecCount = 0;
function createRoot(fn, detachedOwner) {
	const listener = Listener, owner = Owner, unowned = fn.length === 0, current = detachedOwner === void 0 ? owner : detachedOwner, root = unowned ? UNOWNED : {
		owned: null,
		cleanups: null,
		context: current ? current.context : null,
		owner: current
	}, updateFn = unowned ? fn : () => fn(() => untrack(() => cleanNode(root)));
	Owner = root;
	Listener = null;
	try {
		return runUpdates(updateFn, true);
	} finally {
		Listener = listener;
		Owner = owner;
	}
}
function createSignal(value, options) {
	options = options ? Object.assign({}, signalOptions, options) : signalOptions;
	const s = {
		value,
		observers: null,
		observerSlots: null,
		comparator: options.equals || void 0
	};
	const setter = (value) => {
		if (typeof value === "function") {
			if (Transition && Transition.running && Transition.sources.has(s)) value = value(s.tValue);
			else value = value(s.value);
		}
		return writeSignal(s, value);
	};
	return [readSignal.bind(s), setter];
}
function createRenderEffect(fn, value, options) {
	updateComputation(createComputation(fn, value, false, STALE));
}
function createMemo(fn, value, options) {
	options = options ? Object.assign({}, signalOptions, options) : signalOptions;
	const c = createComputation(fn, value, true, 0);
	c.observers = null;
	c.observerSlots = null;
	c.comparator = options.equals || void 0;
	updateComputation(c);
	return readSignal.bind(c);
}
function untrack(fn) {
	if (Listener === null) return fn();
	const listener = Listener;
	Listener = null;
	try {
		return fn();
	} finally {
		Listener = listener;
	}
}
function onCleanup(fn) {
	if (Owner === null);
	else if (Owner.cleanups === null) Owner.cleanups = [fn];
	else Owner.cleanups.push(fn);
	return fn;
}
const [transPending, setTransPending] = /*@__PURE__*/ createSignal(false);
function readSignal() {
	const runningTransition = Transition && Transition.running;
	if (this.sources && (runningTransition ? this.tState : this.state)) {
		if ((runningTransition ? this.tState : this.state) === STALE) updateComputation(this);
		else {
			const updates = Updates;
			Updates = null;
			runUpdates(() => lookUpstream(this), false);
			Updates = updates;
		}
	}
	if (Listener) {
		const observers = this.observers;
		if (!observers || observers[observers.length - 1] !== Listener) {
			const sSlot = observers ? observers.length : 0;
			if (!Listener.sources) {
				Listener.sources = [this];
				Listener.sourceSlots = [sSlot];
			} else {
				Listener.sources.push(this);
				Listener.sourceSlots.push(sSlot);
			}
			if (!observers) {
				this.observers = [Listener];
				this.observerSlots = [Listener.sources.length - 1];
			} else {
				observers.push(Listener);
				this.observerSlots.push(Listener.sources.length - 1);
			}
		}
	}
	if (runningTransition && Transition.sources.has(this)) return this.tValue;
	return this.value;
}
function writeSignal(node, value, isComp) {
	let current = Transition && Transition.running && Transition.sources.has(node) ? node.tValue : node.value;
	if (!node.comparator || !node.comparator(current, value)) {
		if (Transition) {
			const TransitionRunning = Transition.running;
			if (TransitionRunning || !isComp && Transition.sources.has(node)) {
				Transition.sources.add(node);
				node.tValue = value;
			}
			if (!TransitionRunning) node.value = value;
		} else node.value = value;
		if (node.observers && node.observers.length) runUpdates(() => {
			for (let i = 0; i < node.observers.length; i += 1) {
				const o = node.observers[i];
				const TransitionRunning = Transition && Transition.running;
				if (TransitionRunning && Transition.disposed.has(o)) continue;
				if (TransitionRunning ? !o.tState : !o.state) {
					if (o.pure) Updates.push(o);
					else Effects.push(o);
					if (o.observers) markDownstream(o);
				}
				if (!TransitionRunning) o.state = STALE;
				else o.tState = STALE;
			}
			if (Updates.length > 1e6) {
				Updates = [];
				throw new Error();
			}
		}, false);
	}
	return value;
}
function updateComputation(node) {
	if (!node.fn) return;
	cleanNode(node);
	const time = ExecCount;
	runComputation(node, Transition && Transition.running && Transition.sources.has(node) ? node.tValue : node.value, time);
	if (Transition && !Transition.running && Transition.sources.has(node)) queueMicrotask(() => {
		runUpdates(() => {
			Transition && (Transition.running = true);
			Listener = Owner = node;
			runComputation(node, node.tValue, time);
			Listener = Owner = null;
		}, false);
	});
}
function runComputation(node, value, time) {
	let nextValue;
	const owner = Owner, listener = Listener;
	Listener = Owner = node;
	try {
		nextValue = node.fn(value);
	} catch (err) {
		if (node.pure) {
			if (Transition && Transition.running) {
				node.tState = STALE;
				node.tOwned && node.tOwned.forEach(cleanNode);
				node.tOwned = void 0;
			} else {
				node.state = STALE;
				node.owned && node.owned.forEach(cleanNode);
				node.owned = null;
			}
		}
		node.updatedAt = time + 1;
		return handleError(err);
	} finally {
		Listener = listener;
		Owner = owner;
	}
	if (!node.updatedAt || node.updatedAt <= time) {
		if (node.updatedAt != null && "observers" in node) writeSignal(node, nextValue, true);
		else if (Transition && Transition.running && node.pure) {
			if (!Transition.sources.has(node)) node.value = nextValue;
			Transition.sources.add(node);
			node.tValue = nextValue;
		} else node.value = nextValue;
		node.updatedAt = time;
	}
}
function createComputation(fn, init, pure, state = STALE, options) {
	const c = {
		fn,
		state,
		updatedAt: null,
		owned: null,
		sources: null,
		sourceSlots: null,
		cleanups: null,
		value: init,
		owner: Owner,
		context: Owner ? Owner.context : null,
		pure
	};
	if (Transition && Transition.running) {
		c.state = 0;
		c.tState = state;
	}
	if (Owner === null);
	else if (Owner !== UNOWNED) {
		if (Transition && Transition.running && Owner.pure) {
			if (!Owner.tOwned) Owner.tOwned = [c];
			else Owner.tOwned.push(c);
		} else if (!Owner.owned) Owner.owned = [c];
		else Owner.owned.push(c);
	}
	return c;
}
function runTop(node) {
	const runningTransition = Transition && Transition.running;
	if ((runningTransition ? node.tState : node.state) === 0) return;
	if ((runningTransition ? node.tState : node.state) === PENDING) return lookUpstream(node);
	if (node.suspense && untrack(node.suspense.inFallback)) return node.suspense.effects.push(node);
	const ancestors = [node];
	while ((node = node.owner) && (!node.updatedAt || node.updatedAt < ExecCount)) {
		if (runningTransition && Transition.disposed.has(node)) return;
		if (runningTransition ? node.tState : node.state) ancestors.push(node);
	}
	for (let i = ancestors.length - 1; i >= 0; i--) {
		node = ancestors[i];
		if (runningTransition) {
			let top = node, prev = ancestors[i + 1];
			while ((top = top.owner) && top !== prev) if (Transition.disposed.has(top)) return;
		}
		if ((runningTransition ? node.tState : node.state) === STALE) updateComputation(node);
		else if ((runningTransition ? node.tState : node.state) === PENDING) {
			const updates = Updates;
			Updates = null;
			runUpdates(() => lookUpstream(node, ancestors[0]), false);
			Updates = updates;
		}
	}
}
function runUpdates(fn, init) {
	if (Updates) return fn();
	let wait = false;
	if (!init) Updates = [];
	if (Effects) wait = true;
	else Effects = [];
	ExecCount++;
	try {
		const res = fn();
		completeUpdates(wait);
		return res;
	} catch (err) {
		if (!wait) Effects = null;
		Updates = null;
		handleError(err);
	}
}
function completeUpdates(wait) {
	if (Updates) {
		runQueue(Updates);
		Updates = null;
	}
	if (wait) return;
	let res;
	if (Transition) {
		if (!Transition.promises.size && !Transition.queue.size) {
			const sources = Transition.sources;
			const disposed = Transition.disposed;
			Effects.push.apply(Effects, Transition.effects);
			res = Transition.resolve;
			for (const e of Effects) {
				"tState" in e && (e.state = e.tState);
				delete e.tState;
			}
			Transition = null;
			runUpdates(() => {
				for (const d of disposed) cleanNode(d);
				for (const v of sources) {
					v.value = v.tValue;
					if (v.owned) for (let i = 0, len = v.owned.length; i < len; i++) cleanNode(v.owned[i]);
					if (v.tOwned) v.owned = v.tOwned;
					delete v.tValue;
					delete v.tOwned;
					v.tState = 0;
				}
				setTransPending(false);
			}, false);
		} else if (Transition.running) {
			Transition.running = false;
			Transition.effects.push.apply(Transition.effects, Effects);
			Effects = null;
			setTransPending(true);
			return;
		}
	}
	const e = Effects;
	Effects = null;
	if (e.length) runUpdates(() => runEffects(e), false);
	if (res) res();
}
function runQueue(queue) {
	for (let i = 0; i < queue.length; i++) runTop(queue[i]);
}
function lookUpstream(node, ignore) {
	const runningTransition = Transition && Transition.running;
	if (runningTransition) node.tState = 0;
	else node.state = 0;
	for (let i = 0; i < node.sources.length; i += 1) {
		const source = node.sources[i];
		if (source.sources) {
			const state = runningTransition ? source.tState : source.state;
			if (state === STALE) {
				if (source !== ignore && (!source.updatedAt || source.updatedAt < ExecCount)) runTop(source);
			} else if (state === PENDING) lookUpstream(source, ignore);
		}
	}
}
function markDownstream(node) {
	const runningTransition = Transition && Transition.running;
	for (let i = 0; i < node.observers.length; i += 1) {
		const o = node.observers[i];
		if (runningTransition ? !o.tState : !o.state) {
			if (runningTransition) o.tState = PENDING;
			else o.state = PENDING;
			if (o.pure) Updates.push(o);
			else Effects.push(o);
			o.observers && markDownstream(o);
		}
	}
}
function cleanNode(node) {
	let i;
	if (node.sources) while (node.sources.length) {
		const source = node.sources.pop(), index = node.sourceSlots.pop(), obs = source.observers;
		if (obs && obs.length) {
			const n = obs.pop(), s = source.observerSlots.pop();
			if (index < obs.length) {
				n.sourceSlots[s] = index;
				obs[index] = n;
				source.observerSlots[index] = s;
			}
		}
	}
	if (node.tOwned) {
		for (i = node.tOwned.length - 1; i >= 0; i--) cleanNode(node.tOwned[i]);
		delete node.tOwned;
	}
	if (Transition && Transition.running && node.pure) reset(node, true);
	else if (node.owned) {
		for (i = node.owned.length - 1; i >= 0; i--) cleanNode(node.owned[i]);
		node.owned = null;
	}
	if (node.cleanups) {
		for (i = node.cleanups.length - 1; i >= 0; i--) node.cleanups[i]();
		node.cleanups = null;
	}
	if (Transition && Transition.running) node.tState = 0;
	else node.state = 0;
}
function reset(node, top) {
	if (!top) {
		node.tState = 0;
		Transition.disposed.add(node);
	}
	if (node.owned) for (let i = 0; i < node.owned.length; i++) reset(node.owned[i]);
}
function castError(err) {
	if (err instanceof Error) return err;
	return new Error(typeof err === "string" ? err : "Unknown error", { cause: err });
}
function handleError(err, owner = Owner) {
	throw castError(err);
}
const FALLBACK = Symbol("fallback");
function dispose(d) {
	for (let i = 0; i < d.length; i++) d[i]();
}
function mapArray(list, mapFn, options = {}) {
	let items = [], mapped = [], disposers = [], len = 0, indexes = mapFn.length > 1 ? [] : null;
	onCleanup(() => dispose(disposers));
	return () => {
		let newItems = list() || [], newLen = newItems.length, i, j;
		newItems[$TRACK];
		return untrack(() => {
			let newIndices, newIndicesNext, temp, tempdisposers, tempIndexes, start, end, newEnd, item;
			if (newLen === 0) {
				if (len !== 0) {
					dispose(disposers);
					disposers = [];
					items = [];
					mapped = [];
					len = 0;
					indexes && (indexes = []);
				}
				if (options.fallback) {
					items = [FALLBACK];
					mapped[0] = createRoot((disposer) => {
						disposers[0] = disposer;
						return options.fallback();
					});
					len = 1;
				}
			} else if (len === 0) {
				mapped = new Array(newLen);
				for (j = 0; j < newLen; j++) {
					items[j] = newItems[j];
					mapped[j] = createRoot(mapper);
				}
				len = newLen;
			} else {
				temp = new Array(newLen);
				tempdisposers = new Array(newLen);
				indexes && (tempIndexes = new Array(newLen));
				for (start = 0, end = Math.min(len, newLen); start < end && items[start] === newItems[start]; start++);
				for (end = len - 1, newEnd = newLen - 1; end >= start && newEnd >= start && items[end] === newItems[newEnd]; end--, newEnd--) {
					temp[newEnd] = mapped[end];
					tempdisposers[newEnd] = disposers[end];
					indexes && (tempIndexes[newEnd] = indexes[end]);
				}
				newIndices = /* @__PURE__ */ new Map();
				newIndicesNext = new Array(newEnd + 1);
				for (j = newEnd; j >= start; j--) {
					item = newItems[j];
					i = newIndices.get(item);
					newIndicesNext[j] = i === void 0 ? -1 : i;
					newIndices.set(item, j);
				}
				for (i = start; i <= end; i++) {
					item = items[i];
					j = newIndices.get(item);
					if (j !== void 0 && j !== -1) {
						temp[j] = mapped[i];
						tempdisposers[j] = disposers[i];
						indexes && (tempIndexes[j] = indexes[i]);
						j = newIndicesNext[j];
						newIndices.set(item, j);
					} else disposers[i]();
				}
				for (j = start; j < newLen; j++) if (j in temp) {
					mapped[j] = temp[j];
					disposers[j] = tempdisposers[j];
					if (indexes) {
						indexes[j] = tempIndexes[j];
						indexes[j](j);
					}
				} else mapped[j] = createRoot(mapper);
				mapped = mapped.slice(0, len = newLen);
				items = newItems.slice(0);
			}
			return mapped;
		});
		function mapper(disposer) {
			disposers[j] = disposer;
			if (indexes) {
				const [s, set] = createSignal(j);
				indexes[j] = set;
				return mapFn(newItems[j], s);
			}
			return mapFn(newItems[j]);
		}
	};
}
function createComponent(Comp, props) {
	return untrack(() => Comp(props || {}));
}
function For(props) {
	const fallback = "fallback" in props && { fallback: () => props.fallback };
	return createMemo(mapArray(() => props.each, props.children, fallback || void 0));
}
function reconcileArrays(parentNode, a, b) {
	let bLength = b.length, aEnd = a.length, bEnd = bLength, aStart = 0, bStart = 0, after = a[aEnd - 1].nextSibling, map = null;
	while (aStart < aEnd || bStart < bEnd) {
		if (a[aStart] === b[bStart]) {
			aStart++;
			bStart++;
			continue;
		}
		while (a[aEnd - 1] === b[bEnd - 1]) {
			aEnd--;
			bEnd--;
		}
		if (aEnd === aStart) {
			const node = bEnd < bLength ? bStart ? b[bStart - 1].nextSibling : b[bEnd - bStart] : after;
			while (bStart < bEnd) parentNode.insertBefore(b[bStart++], node);
		} else if (bEnd === bStart) while (aStart < aEnd) {
			if (!map || !map.has(a[aStart])) a[aStart].remove();
			aStart++;
		}
		else if (a[aStart] === b[bEnd - 1] && b[bStart] === a[aEnd - 1]) {
			const node = a[--aEnd].nextSibling;
			parentNode.insertBefore(b[bStart++], a[aStart++].nextSibling);
			parentNode.insertBefore(b[--bEnd], node);
			a[aEnd] = b[bEnd];
		} else {
			if (!map) {
				map = /* @__PURE__ */ new Map();
				let i = bStart;
				while (i < bEnd) map.set(b[i], i++);
			}
			const index = map.get(a[aStart]);
			if (index != null) {
				if (bStart < index && index < bEnd) {
					let i = aStart, sequence = 1, t;
					while (++i < aEnd && i < bEnd) {
						if ((t = map.get(a[i])) == null || t !== index + sequence) break;
						sequence++;
					}
					if (sequence > index - bStart) {
						const node = a[aStart];
						while (bStart < index) parentNode.insertBefore(b[bStart++], node);
					} else parentNode.replaceChild(b[bStart++], a[aStart++]);
				} else aStart++;
			} else a[aStart++].remove();
		}
	}
}
const $$EVENTS = "_$DX_DELEGATE";
function template(html, isImportNode, isSVG, isMathML) {
	let node;
	const create = () => {
		const t = isMathML ? document.createElementNS("http://www.w3.org/1998/Math/MathML", "template") : document.createElement("template");
		t.innerHTML = html;
		return isSVG ? t.content.firstChild.firstChild : isMathML ? t.firstChild : t.content.firstChild;
	};
	const fn = isImportNode ? () => untrack(() => document.importNode(node || (node = create()), true)) : () => (node || (node = create())).cloneNode(true);
	fn.cloneNode = fn;
	return fn;
}
function delegateEvents(eventNames, document = window.document) {
	const e = document[$$EVENTS] || (document[$$EVENTS] = /* @__PURE__ */ new Set());
	for (let i = 0, l = eventNames.length; i < l; i++) {
		const name = eventNames[i];
		if (!e.has(name)) {
			e.add(name);
			document.addEventListener(name, eventHandler);
		}
	}
}
function setStyleProperty(node, name, value) {
	value != null ? node.style.setProperty(name, value) : node.style.removeProperty(name);
}
function insert(parent, accessor, marker, initial) {
	if (marker !== void 0 && !initial) initial = [];
	if (typeof accessor !== "function") return insertExpression(parent, accessor, initial, marker);
	createRenderEffect((current) => insertExpression(parent, accessor(), current, marker), initial);
}
function isHydrating(node) {
	return !!sharedConfig.context && !sharedConfig.done && (!node || node.isConnected);
}
function eventHandler(e) {
	if (sharedConfig.registry && sharedConfig.events) {
		if (sharedConfig.events.find(([el, ev]) => ev === e)) return;
	}
	let node = e.target;
	const key = \`$$\${e.type}\`;
	const oriTarget = e.target;
	const oriCurrentTarget = e.currentTarget;
	const retarget = (value) => Object.defineProperty(e, "target", {
		configurable: true,
		value
	});
	const handleNode = () => {
		const handler = node[key];
		if (handler && !node.disabled) {
			const data = node[\`\${key}Data\`];
			data !== void 0 ? handler.call(node, data, e) : handler.call(node, e);
			if (e.cancelBubble) return;
		}
		node.host && typeof node.host !== "string" && !node.host._$host && node.contains(e.target) && retarget(node.host);
		return true;
	};
	const walkUpTree = () => {
		while (handleNode() && (node = node._$host || node.parentNode || node.host));
	};
	Object.defineProperty(e, "currentTarget", {
		configurable: true,
		get() {
			return node || document;
		}
	});
	if (sharedConfig.registry && !sharedConfig.done) sharedConfig.done = _$HY.done = true;
	if (e.composedPath) {
		const path = e.composedPath();
		retarget(path[0]);
		for (let i = 0; i < path.length - 2; i++) {
			node = path[i];
			if (!handleNode()) break;
			if (node._$host) {
				node = node._$host;
				walkUpTree();
				break;
			}
			if (node.parentNode === oriCurrentTarget) break;
		}
	} else walkUpTree();
	retarget(oriTarget);
}
function insertExpression(parent, value, current, marker, unwrapArray) {
	const hydrating = isHydrating(parent);
	if (hydrating) {
		!current && (current = [...parent.childNodes]);
		let cleaned = [];
		for (let i = 0; i < current.length; i++) {
			const node = current[i];
			if (node.nodeType === 8 && node.data.slice(0, 2) === "!$") node.remove();
			else cleaned.push(node);
		}
		current = cleaned;
	}
	while (typeof current === "function") current = current();
	if (value === current) return current;
	const t = typeof value, multi = marker !== void 0;
	parent = multi && current[0] && current[0].parentNode || parent;
	if (t === "string" || t === "number") {
		if (hydrating) return current;
		if (t === "number") {
			value = value.toString();
			if (value === current) return current;
		}
		if (multi) {
			let node = current[0];
			if (node && node.nodeType === 3) node.data !== value && (node.data = value);
			else node = document.createTextNode(value);
			current = cleanChildren(parent, current, marker, node);
		} else if (current !== "" && typeof current === "string") current = parent.firstChild.data = value;
		else current = parent.textContent = value;
	} else if (value == null || t === "boolean") {
		if (hydrating) return current;
		current = cleanChildren(parent, current, marker);
	} else if (t === "function") {
		createRenderEffect(() => {
			let v = value();
			while (typeof v === "function") v = v();
			current = insertExpression(parent, v, current, marker);
		});
		return () => current;
	} else if (Array.isArray(value)) {
		const array = [];
		const currentArray = current && Array.isArray(current);
		if (normalizeIncomingArray(array, value, current, unwrapArray)) {
			createRenderEffect(() => current = insertExpression(parent, array, current, marker, true));
			return () => current;
		}
		if (hydrating) {
			if (!array.length) return current;
			if (marker === void 0) return current = [...parent.childNodes];
			let node = array[0];
			if (node.parentNode !== parent) return current;
			const nodes = [node];
			while ((node = node.nextSibling) !== marker) nodes.push(node);
			return current = nodes;
		}
		if (array.length === 0) {
			current = cleanChildren(parent, current, marker);
			if (multi) return current;
		} else if (currentArray) {
			if (current.length === 0) appendNodes(parent, array, marker);
			else reconcileArrays(parent, current, array);
		} else {
			current && cleanChildren(parent);
			appendNodes(parent, array);
		}
		current = array;
	} else if (value.nodeType) {
		if (hydrating && value.parentNode) return current = multi ? [value] : value;
		if (Array.isArray(current)) {
			if (multi) return current = cleanChildren(parent, current, marker, value);
			cleanChildren(parent, current, null, value);
		} else if (current == null || current === "" || !parent.firstChild) parent.appendChild(value);
		else parent.replaceChild(value, parent.firstChild);
		current = value;
	}
	return current;
}
function normalizeIncomingArray(normalized, array, current, unwrap) {
	let dynamic = false;
	for (let i = 0, len = array.length; i < len; i++) {
		let item = array[i], prev = current && current[normalized.length], t;
		if (item == null || item === true || item === false);
		else if ((t = typeof item) === "object" && item.nodeType) normalized.push(item);
		else if (Array.isArray(item)) dynamic = normalizeIncomingArray(normalized, item, prev) || dynamic;
		else if (t === "function") {
			if (unwrap) {
				while (typeof item === "function") item = item();
				dynamic = normalizeIncomingArray(normalized, Array.isArray(item) ? item : [item], Array.isArray(prev) ? prev : [prev]) || dynamic;
			} else {
				normalized.push(item);
				dynamic = true;
			}
		} else {
			const value = String(item);
			if (prev && prev.nodeType === 3 && prev.data === value) normalized.push(prev);
			else normalized.push(document.createTextNode(value));
		}
	}
	return dynamic;
}
function appendNodes(parent, array, marker = null) {
	for (let i = 0, len = array.length; i < len; i++) parent.insertBefore(array[i], marker);
}
function cleanChildren(parent, current, marker, replacement) {
	if (marker === void 0) return parent.textContent = "";
	const node = replacement || document.createTextNode("");
	if (current.length) {
		let inserted = false;
		for (let i = current.length - 1; i >= 0; i--) {
			const el = current[i];
			if (node !== el) {
				const isParent = el.parentNode === parent;
				if (!inserted && !i) isParent ? parent.replaceChild(node, el) : parent.insertBefore(node, marker);
				else isParent && el.remove();
			} else inserted = true;
		}
	} else parent.insertBefore(node, marker);
	return [node];
}
var _tmpl$ = /*#__PURE__*/ template(\`<div><h3>Const Enum Usage</h3><div>Direction: <!> (<!>)</div><div>Status: </div><div>Priority: </div><div><button>Up</button><button>Down</button><button>Left</button><button>Right</button></div><div><button>Pending</button><button>Loading</button><button>Success</button><button>Error\`);
var _tmpl$2 = /*#__PURE__*/ template(\`<div><h3>Regular Enum Usage</h3><div>Selected Color: <!> = </div><div>Size: <button>Small</button><button>Medium</button><button>Large</button></div><div>Log Level: <!> (<!>)<button>Debug</button><button>Info</button><button>Warn</button><button>Error\`);
var _tmpl$3 = /*#__PURE__*/ template(\`<div><h3>Mixed Enum Usage</h3><ul>\`);
var _tmpl$4 = /*#__PURE__*/ template(\`<li> <!>(Priority: <!>, Status: <!>)\`);
var _tmpl$5 = /*#__PURE__*/ template(\`<div><h3>Enum Mapping</h3><div>Const Direction <!> = </div><div>Regular Color <!> = \`);
var _tmpl$6 = /*#__PURE__*/ template(\`<div><h3>Complex Enum Flags</h3><div>Current: <!> (Binary: <!>)</div><div></div><button>Select All</button><button>Clear All\`);
var _tmpl$7 = /*#__PURE__*/ template(\`<label style=margin-right:1rem><input type=checkbox>Flag\`);
var Direction = /*#__PURE__*/ function(Direction) {
	Direction[Direction["Up"] = 0] = "Up";
	Direction[Direction["Down"] = 1] = "Down";
	Direction[Direction["Left"] = 2] = "Left";
	Direction[Direction["Right"] = 3] = "Right";
	return Direction;
}(Direction || {});
var Status = /*#__PURE__*/ function(Status) {
	Status["Pending"] = "pending";
	Status["Loading"] = "loading";
	Status["Success"] = "success";
	Status["Error"] = "error";
	return Status;
}(Status || {});
var Priority = /*#__PURE__*/ function(Priority) {
	Priority[Priority["Low"] = 1] = "Low";
	Priority[Priority["Medium"] = 2] = "Medium";
	Priority[Priority["High"] = 3] = "High";
	Priority[Priority["Critical"] = 4] = "Critical";
	return Priority;
}(Priority || {});
var Color = /*#__PURE__*/ function(Color) {
	Color["Red"] = "#FF0000";
	Color["Green"] = "#00FF00";
	Color["Blue"] = "#0000FF";
	return Color;
}(Color || {});
var Size = /*#__PURE__*/ function(Size) {
	Size["Small"] = "small";
	Size["Medium"] = "medium";
	Size["Large"] = "large";
	return Size;
}(Size || {});
var LogLevel = /*#__PURE__*/ function(LogLevel) {
	LogLevel[LogLevel["Debug"] = 0] = "Debug";
	LogLevel[LogLevel["Info"] = 1] = "Info";
	LogLevel[LogLevel["Warn"] = 2] = "Warn";
	LogLevel[LogLevel["Error"] = 3] = "Error";
	return LogLevel;
}(LogLevel || {});
function ConstEnumComponent() {
	const [direction, setDirection] = createSignal(Direction.Up);
	const [status, setStatus] = createSignal(Status.Pending);
	const [priority] = createSignal(Priority.Medium);
	const directionText = createMemo(() => {
		switch (direction()) {
			case Direction.Up: return "↑";
			case Direction.Down: return "↓";
			case Direction.Left: return "←";
			case Direction.Right: return "→";
			default: return "?";
		}
	});
	const statusColor = createMemo(() => {
		switch (status()) {
			case Status.Pending: return "gray";
			case Status.Loading: return "blue";
			case Status.Success: return "green";
			case Status.Error: return "red";
			default: return "black";
		}
	});
	const priorityLabel = createMemo(() => {
		switch (priority()) {
			case Priority.Low: return "Low";
			case Priority.Medium: return "Medium";
			case Priority.High: return "High";
			case Priority.Critical: return "Critical";
			default: return "Unknown";
		}
	});
	return (() => {
		var _el$ = _tmpl$(), _el$3 = _el$.firstChild.nextSibling, _el$7 = _el$3.firstChild.nextSibling, _el$8 = _el$7.nextSibling.nextSibling;
		_el$8.nextSibling;
		var _el$9 = _el$3.nextSibling;
		_el$9.firstChild;
		var _el$1 = _el$9.nextSibling;
		_el$1.firstChild;
		var _el$11 = _el$1.nextSibling, _el$12 = _el$11.firstChild, _el$13 = _el$12.nextSibling, _el$14 = _el$13.nextSibling, _el$15 = _el$14.nextSibling, _el$17 = _el$11.nextSibling.firstChild, _el$18 = _el$17.nextSibling, _el$19 = _el$18.nextSibling, _el$20 = _el$19.nextSibling;
		insert(_el$3, directionText, _el$7);
		insert(_el$3, direction, _el$8);
		insert(_el$9, status, null);
		insert(_el$1, priorityLabel, null);
		_el$12.$$click = () => setDirection(Direction.Up);
		_el$13.$$click = () => setDirection(Direction.Down);
		_el$14.$$click = () => setDirection(Direction.Left);
		_el$15.$$click = () => setDirection(Direction.Right);
		_el$17.$$click = () => setStatus(Status.Pending);
		_el$18.$$click = () => setStatus(Status.Loading);
		_el$19.$$click = () => setStatus(Status.Success);
		_el$20.$$click = () => setStatus(Status.Error);
		createRenderEffect((_$p) => setStyleProperty(_el$9, "color", statusColor()));
		return _el$;
	})();
}
function RegularEnumComponent() {
	const [selectedColor] = createSignal(Color.Red);
	const [selectedSize, setSize] = createSignal(Size.Medium);
	const [logLevel, setLogLevel] = createSignal(LogLevel.Info);
	return (() => {
		var _el$21 = _tmpl$2(), _el$23 = _el$21.firstChild.nextSibling, _el$26 = _el$23.firstChild.nextSibling;
		_el$26.nextSibling;
		var _el$27 = _el$23.nextSibling, _el$29 = _el$27.firstChild.nextSibling, _el$30 = _el$29.nextSibling, _el$31 = _el$30.nextSibling, _el$32 = _el$27.nextSibling, _el$40 = _el$32.firstChild.nextSibling, _el$41 = _el$40.nextSibling.nextSibling, _el$36 = _el$41.nextSibling.nextSibling, _el$37 = _el$36.nextSibling, _el$38 = _el$37.nextSibling, _el$39 = _el$38.nextSibling;
		insert(_el$23, () => Color[selectedColor()], _el$26);
		insert(_el$23, selectedColor, null);
		insert(_el$27, selectedSize, _el$29);
		_el$29.$$click = () => setSize(Size.Small);
		_el$30.$$click = () => setSize(Size.Medium);
		_el$31.$$click = () => setSize(Size.Large);
		insert(_el$32, () => LogLevel[logLevel()], _el$40);
		insert(_el$32, logLevel, _el$41);
		_el$36.$$click = () => setLogLevel(LogLevel.Debug);
		_el$37.$$click = () => setLogLevel(LogLevel.Info);
		_el$38.$$click = () => setLogLevel(LogLevel.Warn);
		_el$39.$$click = () => setLogLevel(LogLevel.Error);
		createRenderEffect((_$p) => setStyleProperty(_el$23, "color", selectedColor()));
		return _el$21;
	})();
}
function MixedEnumComponent() {
	const tasks = [
		{
			id: 1,
			text: "Task 1",
			priority: Priority.High,
			status: Status.Pending
		},
		{
			id: 2,
			text: "Task 2",
			priority: Priority.Low,
			status: Status.Success
		},
		{
			id: 3,
			text: "Task 3",
			priority: Priority.Critical,
			status: Status.Error
		},
		{
			id: 4,
			text: "Task 4",
			priority: Priority.Medium,
			status: Status.Loading
		}
	];
	const getPriorityColor = (priority) => {
		switch (priority) {
			case Priority.Low: return "green";
			case Priority.Medium: return "orange";
			case Priority.High: return "red";
			case Priority.Critical: return "darkred";
			default: return "black";
		}
	};
	const getStatusIcon = (status) => {
		switch (status) {
			case Status.Pending: return "⏳";
			case Status.Loading: return "🔄";
			case Status.Success: return "✅";
			case Status.Error: return "❌";
			default: return "❓";
		}
	};
	return (() => {
		var _el$42 = _tmpl$3(), _el$44 = _el$42.firstChild.nextSibling;
		insert(_el$44, createComponent(For, {
			each: tasks,
			children: (task) => (() => {
				var _el$45 = _tmpl$4(), _el$46 = _el$45.firstChild, _el$50 = _el$46.nextSibling, _el$51 = _el$50.nextSibling.nextSibling, _el$52 = _el$51.nextSibling.nextSibling;
				_el$52.nextSibling;
				insert(_el$45, () => getStatusIcon(task.status), _el$46);
				insert(_el$45, () => task.text, _el$50);
				insert(_el$45, () => task.priority, _el$51);
				insert(_el$45, () => task.status, _el$52);
				createRenderEffect((_$p) => setStyleProperty(_el$45, "color", getPriorityColor(task.priority)));
				return _el$45;
			})()
		}));
		return _el$42;
	})();
}
function EnumMappingComponent() {
	const directionNames = {
		[Direction.Up]: "Up",
		[Direction.Down]: "Down",
		[Direction.Left]: "Left",
		[Direction.Right]: "Right"
	};
	const colorNames = {
		[Color.Red]: "Red",
		[Color.Green]: "Green",
		[Color.Blue]: "Blue"
	};
	return (() => {
		var _el$53 = _tmpl$5(), _el$55 = _el$53.firstChild.nextSibling, _el$58 = _el$55.firstChild.nextSibling;
		_el$58.nextSibling;
		var _el$59 = _el$55.nextSibling, _el$62 = _el$59.firstChild.nextSibling;
		_el$62.nextSibling;
		insert(_el$55, () => Direction.Up, _el$58);
		insert(_el$55, () => directionNames[Direction.Up], null);
		insert(_el$59, () => Color.Red, _el$62);
		insert(_el$59, () => colorNames[Color.Red], null);
		return _el$53;
	})();
}
var ComplexEnum = /*#__PURE__*/ function(ComplexEnum) {
	ComplexEnum[ComplexEnum["None"] = 0] = "None";
	ComplexEnum[ComplexEnum["Flag1"] = 1] = "Flag1";
	ComplexEnum[ComplexEnum["Flag2"] = 2] = "Flag2";
	ComplexEnum[ComplexEnum["Flag3"] = 4] = "Flag3";
	ComplexEnum[ComplexEnum["All"] = 7] = "All";
	return ComplexEnum;
}(ComplexEnum || {});
function ComplexEnumComponent() {
	const [flags, setFlags] = createSignal(ComplexEnum.None);
	const hasFlag = (flag) => (flags() & flag) === flag;
	const toggleFlag = (flag) => {
		setFlags((current) => current ^ flag);
	};
	const allFlags = [
		ComplexEnum.Flag1,
		ComplexEnum.Flag2,
		ComplexEnum.Flag3
	];
	return (() => {
		var _el$63 = _tmpl$6(), _el$65 = _el$63.firstChild.nextSibling, _el$69 = _el$65.firstChild.nextSibling, _el$70 = _el$69.nextSibling.nextSibling;
		_el$70.nextSibling;
		var _el$71 = _el$65.nextSibling, _el$72 = _el$71.nextSibling, _el$73 = _el$72.nextSibling;
		insert(_el$65, flags, _el$69);
		insert(_el$65, () => flags().toString(2), _el$70);
		insert(_el$71, () => allFlags.map((flag) => (() => {
			var _el$74 = _tmpl$7(), _el$75 = _el$74.firstChild;
			_el$75.nextSibling;
			_el$75.addEventListener("change", () => toggleFlag(flag));
			insert(_el$74, flag, null);
			createRenderEffect(() => _el$75.checked = hasFlag(flag));
			return _el$74;
		})()));
		_el$72.$$click = () => setFlags(ComplexEnum.All);
		_el$73.$$click = () => setFlags(ComplexEnum.None);
		return _el$63;
	})();
}
delegateEvents(["click"]);
export { Color, ComplexEnum, ComplexEnumComponent, ConstEnumComponent, Direction, EnumMappingComponent, LogLevel, MixedEnumComponent, Priority, RegularEnumComponent, Size, Status };
"
`;
